# Bake Begins!
### (1 of 6) Copy sources
$ cp -a /home/travis/build/fontdirectory/thabit/METADATA.json /home/travis/build/fontdirectory/thabit/builds/build
$ cp -a /home/travis/build/fontdirectory/thabit/DESCRIPTION.en_us.html /home/travis/build/fontdirectory/thabit/builds/build
$ cp -a Thabit.ttf.ttx Thabit-BoldOblique.ttf.ttx Thabit-Bold.ttf.ttx Thabit-Oblique.ttf.ttx src/Thabit-Bold.sfd src/Thabit.sfd Thabit.ttf._f_p_g_m.ttx Thabit.ttf._h_h_e_a.ttx Thabit.ttf.P__fE__d.ttx Thabit.ttf.G_D_E_F_.ttx Thabit.ttf._m_a_x_p.ttx Thabit.ttf._g_l_y_f.ttx Thabit.ttf._l_o_c_a.ttx Thabit.ttf.GlyphOrder.ttx Thabit.ttf._c_v_t.ttx Thabit.ttf._p_o_s_t.ttx Thabit.ttf._h_m_t_x.ttx Thabit.ttf._c_m_a_p.ttx Thabit.ttf._p_r_e_p.ttx Thabit.ttf.O_S_2f_2.ttx Thabit.ttf.F_F_T_M_.ttx Thabit.ttf.G_P_O_S_.ttx Thabit.ttf._h_e_a_d.ttx Thabit.ttf._g_a_s_p.ttx Thabit.ttf._n_a_m_e.ttx Thabit.ttf.G_S_U_B_.ttx Thabit-BoldOblique.ttf.O_S_2f_2.ttx Thabit-BoldOblique.ttf._l_o_c_a.ttx Thabit-BoldOblique.ttf._c_m_a_p.ttx Thabit-BoldOblique.ttf._n_a_m_e.ttx Thabit-BoldOblique.ttf.GlyphOrder.ttx Thabit-BoldOblique.ttf._p_r_e_p.ttx Thabit-BoldOblique.ttf._c_v_t.ttx Thabit-BoldOblique.ttf._p_o_s_t.ttx Thabit-BoldOblique.ttf._g_l_y_f.ttx Thabit-BoldOblique.ttf._m_a_x_p.ttx Thabit-BoldOblique.ttf.F_F_T_M_.ttx Thabit-BoldOblique.ttf.G_D_E_F_.ttx Thabit-BoldOblique.ttf.G_S_U_B_.ttx Thabit-BoldOblique.ttf.P__fE__d.ttx Thabit-BoldOblique.ttf.G_P_O_S_.ttx Thabit-BoldOblique.ttf._h_h_e_a.ttx Thabit-BoldOblique.ttf._h_e_a_d.ttx Thabit-BoldOblique.ttf._f_p_g_m.ttx Thabit-BoldOblique.ttf._h_m_t_x.ttx Thabit-Bold.ttf._c_m_a_p.ttx Thabit-Bold.ttf._g_l_y_f.ttx Thabit-Bold.ttf.G_S_U_B_.ttx Thabit-Bold.ttf._l_o_c_a.ttx Thabit-Bold.ttf._m_a_x_p.ttx Thabit-Bold.ttf._n_a_m_e.ttx Thabit-Bold.ttf._f_p_g_m.ttx Thabit-Bold.ttf._h_e_a_d.ttx Thabit-Bold.ttf._h_m_t_x.ttx Thabit-Bold.ttf.G_P_O_S_.ttx Thabit-Bold.ttf._p_r_e_p.ttx Thabit-Bold.ttf.G_D_E_F_.ttx Thabit-Bold.ttf._c_v_t.ttx Thabit-Bold.ttf._h_h_e_a.ttx Thabit-Bold.ttf.O_S_2f_2.ttx Thabit-Bold.ttf.P__fE__d.ttx Thabit-Bold.ttf._p_o_s_t.ttx Thabit-Bold.ttf.GlyphOrder.ttx Thabit-Bold.ttf.F_F_T_M_.ttx Thabit-Oblique.ttf._f_p_g_m.ttx Thabit-Oblique.ttf.GlyphOrder.ttx Thabit-Oblique.ttf._l_o_c_a.ttx Thabit-Oblique.ttf.O_S_2f_2.ttx Thabit-Oblique.ttf._h_h_e_a.ttx Thabit-Oblique.ttf._g_a_s_p.ttx Thabit-Oblique.ttf.P__fE__d.ttx Thabit-Oblique.ttf.G_D_E_F_.ttx Thabit-Oblique.ttf.G_S_U_B_.ttx Thabit-Oblique.ttf.G_P_O_S_.ttx Thabit-Oblique.ttf._c_m_a_p.ttx Thabit-Oblique.ttf.F_F_T_M_.ttx Thabit-Oblique.ttf._n_a_m_e.ttx Thabit-Oblique.ttf._h_m_t_x.ttx Thabit-Oblique.ttf._c_v_t.ttx Thabit-Oblique.ttf._p_o_s_t.ttx Thabit-Oblique.ttf._g_l_y_f.ttx Thabit-Oblique.ttf._p_r_e_p.ttx Thabit-Oblique.ttf._h_e_a_d.ttx Thabit-Oblique.ttf._m_a_x_p.ttx /home/travis/build/fontdirectory/thabit/builds/build/sources
### (2 of 6) pyfontaine
### (3 of 6) Run upstream tests
$ fontbakery-check.py upstream-repo sources
$ fontaine --collections subsets --text /home/travis/build/fontdirectory/thabit/builds/build/sources/Thabit.ttf.ttx /home/travis/build/fontdirectory/thabit/builds/build/sources/Thabit-BoldOblique.ttf.ttx /home/travis/build/fontdirectory/thabit/builds/build/sources/Thabit-Bold.ttf.ttx /home/travis/build/fontdirectory/thabit/builds/build/sources/Thabit-Oblique.ttf.ttx /home/travis/build/fontdirectory/thabit/builds/build/sources/Thabit-Bold.sfd /home/travis/build/fontdirectory/thabit/builds/build/sources/Thabit.sfd > fontaine.txt
bakery_lint.tests.upstream.test_diacritic.TestDiacritic.test_diacritic_made_as_component(): OK
bakery_lint.tests.upstream.test_diacritic.TestDiacritic.test_diacritic_made_as_mark_to_mark(): OK
bakery_lint.tests.upstream.test_diacritic.TestDiacritic.test_diacritic_made_as_own_glyphs(): OK
bakery_lint.tests.upstream.test_check_upstream_sources.ProjectUpstreamTestCase.test_bakery_yaml_exists(): OK
bakery_lint.tests.upstream.test_check_upstream_sources.ProjectUpstreamTestCase.test_copyright_notices_same_across_family(): OK
bakery_lint.tests.upstream.test_check_upstream_sources.ProjectUpstreamTestCase.test_description_html_exists(): OK
bakery_lint.tests.upstream.test_check_upstream_sources.ProjectUpstreamTestCase.test_fontlog_txt_exists(): FAIL
bakery_lint.tests.upstream.test_check_upstream_sources.ProjectUpstreamTestCase.test_metadata_json_exists(): OK
WARNING: Please install [PyICU](https://pypi.python.org/pypi/PyICU) toenable [feature], perhaps with: pip install pyicu
pyfontaine error: Not a TrueType or OpenType font (bad sfntVersion)
pyfontaine process has been failed
bakery_lint.tests.upstream.test_prepolation.FontTestPrepolation.test_font_prepolation_glyph_contours(): OK
bakery_lint.tests.upstream.test_prepolation.FontTestPrepolation.test_font_prepolation_glyph_points(): OK
bakery_lint.tests.upstream.test_prepolation.FontTestPrepolation.test_font_test_prepolation_glyph_names(): OK
$ fontbakery-check.py upstream-ttx Thabit.ttf.ttx
bakery_lint.tests.upstream.test_font_filename_eq_familystyle.TestTTFSourceFontFileNameEqualsFamilyStyle.test_source_ttf_font_filename_equals_familystyle(): FAIL
$ mv /home/travis/build/fontdirectory/thabit/builds/build/sources/Thabit.ttf.ttx /home/travis/build/fontdirectory/thabit/builds/build/sources/Thabit-Regular.ttx
bakery_lint.tests.upstream.test_font_filename_eq_familystyle.TestTTFSourceFontFileNameEqualsFamilyStyle.test_source_ttf_font_filename_equals_familystyle(): OK
bakery_lint.tests.upstream.test_check_ttx_fontfamily_recommendations.TTX_FontFamilyNamingTest.test_ttx_family_naming_recommendation(): OK
bakery_lint.tests.upstream.test_glyphname_does_not_contain_disallowed_chars.TestGlyphNameDoesNotContainsDisallowedChars.test_glyphname_does_not_contain_disallowed_chars(): FAIL
bakery_lint.tests.upstream.test_check_ttx_requirements.SourceTTXTest.test_epar_in_keys(): FAIL
bakery_lint.tests.upstream.test_check_ttx_requirements.SourceTTXTest.test_os2_in_keys(): OK
bakery_lint.tests.upstream.test_check_ttx_requirements.SourceTTXTest.test_ttx_doesnt_contain_duplicate_glyphs(): OK
$ fontbakery-check.py upstream-ttx Thabit-BoldOblique.ttf.ttx
bakery_lint.tests.upstream.test_font_filename_eq_familystyle.TestTTFSourceFontFileNameEqualsFamilyStyle.test_source_ttf_font_filename_equals_familystyle(): FAIL
$ mv /home/travis/build/fontdirectory/thabit/builds/build/sources/Thabit-BoldOblique.ttf.ttx /home/travis/build/fontdirectory/thabit/builds/build/sources/Thabit-Bold-Oblique-BoldOblique.ttx
bakery_lint.tests.upstream.test_font_filename_eq_familystyle.TestTTFSourceFontFileNameEqualsFamilyStyle.test_source_ttf_font_filename_equals_familystyle(): OK
bakery_lint.tests.upstream.test_check_ttx_fontfamily_recommendations.TTX_FontFamilyNamingTest.test_ttx_family_naming_recommendation(): FAIL
bakery_lint.tests.upstream.test_glyphname_does_not_contain_disallowed_chars.TestGlyphNameDoesNotContainsDisallowedChars.test_glyphname_does_not_contain_disallowed_chars(): FAIL
bakery_lint.tests.upstream.test_check_ttx_requirements.SourceTTXTest.test_epar_in_keys(): FAIL
bakery_lint.tests.upstream.test_check_ttx_requirements.SourceTTXTest.test_os2_in_keys(): OK
bakery_lint.tests.upstream.test_check_ttx_requirements.SourceTTXTest.test_ttx_doesnt_contain_duplicate_glyphs(): OK
$ fontbakery-check.py upstream-ttx Thabit-Bold.ttf.ttx
bakery_lint.tests.upstream.test_font_filename_eq_familystyle.TestTTFSourceFontFileNameEqualsFamilyStyle.test_source_ttf_font_filename_equals_familystyle(): FAIL
$ mv /home/travis/build/fontdirectory/thabit/builds/build/sources/Thabit-Bold.ttf.ttx /home/travis/build/fontdirectory/thabit/builds/build/sources/Thabit-Bold-Bold.ttx
bakery_lint.tests.upstream.test_font_filename_eq_familystyle.TestTTFSourceFontFileNameEqualsFamilyStyle.test_source_ttf_font_filename_equals_familystyle(): OK
bakery_lint.tests.upstream.test_check_ttx_fontfamily_recommendations.TTX_FontFamilyNamingTest.test_ttx_family_naming_recommendation(): OK
bakery_lint.tests.upstream.test_glyphname_does_not_contain_disallowed_chars.TestGlyphNameDoesNotContainsDisallowedChars.test_glyphname_does_not_contain_disallowed_chars(): FAIL
bakery_lint.tests.upstream.test_check_ttx_requirements.SourceTTXTest.test_epar_in_keys(): FAIL
bakery_lint.tests.upstream.test_check_ttx_requirements.SourceTTXTest.test_os2_in_keys(): OK
bakery_lint.tests.upstream.test_check_ttx_requirements.SourceTTXTest.test_ttx_doesnt_contain_duplicate_glyphs(): OK
$ fontbakery-check.py upstream-ttx Thabit-Oblique.ttf.ttx
bakery_lint.tests.upstream.test_font_filename_eq_familystyle.TestTTFSourceFontFileNameEqualsFamilyStyle.test_source_ttf_font_filename_equals_familystyle(): FAIL
$ mv /home/travis/build/fontdirectory/thabit/builds/build/sources/Thabit-Oblique.ttf.ttx /home/travis/build/fontdirectory/thabit/builds/build/sources/Thabit-Oblique-Oblique.ttx
bakery_lint.tests.upstream.test_font_filename_eq_familystyle.TestTTFSourceFontFileNameEqualsFamilyStyle.test_source_ttf_font_filename_equals_familystyle(): OK
bakery_lint.tests.upstream.test_check_ttx_fontfamily_recommendations.TTX_FontFamilyNamingTest.test_ttx_family_naming_recommendation(): OK
bakery_lint.tests.upstream.test_glyphname_does_not_contain_disallowed_chars.TestGlyphNameDoesNotContainsDisallowedChars.test_glyphname_does_not_contain_disallowed_chars(): FAIL
bakery_lint.tests.upstream.test_check_ttx_requirements.SourceTTXTest.test_epar_in_keys(): FAIL
bakery_lint.tests.upstream.test_check_ttx_requirements.SourceTTXTest.test_os2_in_keys(): OK
bakery_lint.tests.upstream.test_check_ttx_requirements.SourceTTXTest.test_ttx_doesnt_contain_duplicate_glyphs(): OK
$ fontbakery-check.py upstream Thabit-Bold.sfd
bakery_lint.tests.upstream.test_unicode_value_should_appear_only_once_per_font.UnicodeValueShouldAppearOnlyOnce.testUnicodeValue(): ERROR
bakery_lint.tests.upstream.test_font_filename_eq_familystyle.TestTTFSourceFontFileNameEqualsFamilyStyle.test_source_ttf_font_filename_equals_familystyle(): ERROR
bakery_lint.tests.upstream.test_contour_count.TestContourCount.test_contour_count(): ERROR
bakery_lint.tests.upstream.test_check_ufo_requirements.UfoOpenTest.test_has_rupee(): ERROR
bakery_lint.tests.upstream.test_check_ufo_requirements.UfoOpenTest.test_is_A(): ERROR
bakery_lint.tests.upstream.test_check_ufo_requirements.UfoOpenTest.test_is_A_a_glyph_instance(): ERROR
bakery_lint.tests.upstream.test_check_ufo_requirements.UfoOpenTest.test_is_ended_ufo(): ERROR
bakery_lint.tests.upstream.test_check_ufo_requirements.UfoOpenTest.test_is_folder(): ERROR
bakery_lint.tests.upstream.test_check_ufo_requirements.UfoOpenTest.test_is_fsType_eq_1(): ERROR
bakery_lint.tests.upstream.test_check_ufo_requirements.UfoOpenTest.test_it_exists(): ERROR
bakery_lint.tests.upstream.test_check_ufo_fontfamily_recommendations.TestUFOFontFamilyNamingTest.test_familyname_less_than_32_chars(): OK
bakery_lint.tests.upstream.test_check_ufo_fontfamily_recommendations.TestUFOFontFamilyNamingTest.test_fullfontname_less_than_64_chars(): OK
bakery_lint.tests.upstream.test_check_ufo_fontfamily_recommendations.TestUFOFontFamilyNamingTest.test_postscriptname_consistof_allowed_chars(): OK
bakery_lint.tests.upstream.test_check_ufo_fontfamily_recommendations.TestUFOFontFamilyNamingTest.test_postscriptname_less_than_30_chars(): OK
bakery_lint.tests.upstream.test_check_ufo_fontfamily_recommendations.TestUFOFontFamilyNamingTest.test_stylename_less_than_32_chars(): OK
bakery_lint.tests.upstream.test_check_ufo_fontfamily_recommendations.TestUFOFontFamilyNamingTest.test_weight_value_range_between_250_and_900(): OK
$ fontbakery-check.py upstream Thabit.sfd
bakery_lint.tests.upstream.test_unicode_value_should_appear_only_once_per_font.UnicodeValueShouldAppearOnlyOnce.testUnicodeValue(): ERROR
bakery_lint.tests.upstream.test_font_filename_eq_familystyle.TestTTFSourceFontFileNameEqualsFamilyStyle.test_source_ttf_font_filename_equals_familystyle(): ERROR
bakery_lint.tests.upstream.test_contour_count.TestContourCount.test_contour_count(): ERROR
bakery_lint.tests.upstream.test_check_ufo_requirements.UfoOpenTest.test_has_rupee(): ERROR
bakery_lint.tests.upstream.test_check_ufo_requirements.UfoOpenTest.test_is_A(): ERROR
bakery_lint.tests.upstream.test_check_ufo_requirements.UfoOpenTest.test_is_A_a_glyph_instance(): ERROR
bakery_lint.tests.upstream.test_check_ufo_requirements.UfoOpenTest.test_is_ended_ufo(): ERROR
bakery_lint.tests.upstream.test_check_ufo_requirements.UfoOpenTest.test_is_folder(): ERROR
bakery_lint.tests.upstream.test_check_ufo_requirements.UfoOpenTest.test_is_fsType_eq_1(): ERROR
bakery_lint.tests.upstream.test_check_ufo_requirements.UfoOpenTest.test_it_exists(): ERROR
bakery_lint.tests.upstream.test_check_ufo_fontfamily_recommendations.TestUFOFontFamilyNamingTest.test_familyname_less_than_32_chars(): OK
bakery_lint.tests.upstream.test_check_ufo_fontfamily_recommendations.TestUFOFontFamilyNamingTest.test_fullfontname_less_than_64_chars(): OK
bakery_lint.tests.upstream.test_check_ufo_fontfamily_recommendations.TestUFOFontFamilyNamingTest.test_postscriptname_consistof_allowed_chars(): OK
bakery_lint.tests.upstream.test_check_ufo_fontfamily_recommendations.TestUFOFontFamilyNamingTest.test_postscriptname_less_than_30_chars(): OK
bakery_lint.tests.upstream.test_check_ufo_fontfamily_recommendations.TestUFOFontFamilyNamingTest.test_stylename_less_than_32_chars(): OK
bakery_lint.tests.upstream.test_check_ufo_fontfamily_recommendations.TestUFOFontFamilyNamingTest.test_weight_value_range_between_250_and_900(): OK
### (4 of 6) Convert sources to TTF
$ ttx -d /home/travis/build/fontdirectory/thabit/builds/build /home/travis/build/fontdirectory/thabit/builds/build/sources/Thabit-Bold-Oblique-BoldOblique.ttx /home/travis/build/fontdirectory/thabit/builds/build/sources/Thabit-Bold-Bold.ttx /home/travis/build/fontdirectory/thabit/builds/build/sources/Thabit-Regular.ttx /home/travis/build/fontdirectory/thabit/builds/build/sources/Thabit-Oblique-Oblique.ttx
strippedname:/home/travis/build/fontdirectory/thabit/builds/build/sources/Thabit-Bold.sfd
strippedname:/home/travis/build/fontdirectory/thabit/builds/build/sources/Thabit.sfd
Compiling "/home/travis/build/fontdirectory/thabit/builds/build/sources/Thabit-Bold-Oblique-BoldOblique.ttx" to "/home/travis/build/fontdirectory/thabit/builds/build/Thabit-Bold-Oblique-BoldOblique.ttf"...
Parsing 'GlyphOrder' table...
Parsing 'head' table...
Parsing 'hhea' table...
Parsing 'maxp' table...
Parsing 'OS/2' table...
Parsing 'hmtx' table...
Parsing 'cmap' table...
Parsing 'fpgm' table...
Parsing 'prep' table...
Parsing 'cvt ' table...
Parsing 'loca' table...
Parsing 'glyf' table...
Parsing 'name' table...
Parsing 'post' table...
Parsing 'FFTM' table...
Parsing 'GDEF' table...
Parsing 'GPOS' table...
Parsing 'GSUB' table...
Parsing 'PfEd' table...
Compiling "/home/travis/build/fontdirectory/thabit/builds/build/sources/Thabit-Bold-Bold.ttx" to "/home/travis/build/fontdirectory/thabit/builds/build/Thabit-Bold-Bold.ttf"...
Parsing 'GlyphOrder' table...
Parsing 'head' table...
Parsing 'hhea' table...
Parsing 'maxp' table...
Parsing 'OS/2' table...
Parsing 'hmtx' table...
Parsing 'cmap' table...
Parsing 'fpgm' table...
Parsing 'prep' table...
Parsing 'cvt ' table...
Parsing 'loca' table...
Parsing 'glyf' table...
Parsing 'name' table...
Parsing 'post' table...
Parsing 'FFTM' table...
Parsing 'GDEF' table...
Parsing 'GPOS' table...
Parsing 'GSUB' table...
Parsing 'PfEd' table...
Compiling "/home/travis/build/fontdirectory/thabit/builds/build/sources/Thabit-Regular.ttx" to "/home/travis/build/fontdirectory/thabit/builds/build/Thabit-Regular.ttf"...
Parsing 'GlyphOrder' table...
Parsing 'head' table...
Parsing 'hhea' table...
Parsing 'maxp' table...
Parsing 'OS/2' table...
Parsing 'hmtx' table...
Parsing 'cmap' table...
Parsing 'fpgm' table...
Parsing 'prep' table...
Parsing 'cvt ' table...
Parsing 'loca' table...
Parsing 'glyf' table...
Parsing 'name' table...
Parsing 'post' table...
Parsing 'gasp' table...
Parsing 'FFTM' table...
Parsing 'GDEF' table...
Parsing 'GPOS' table...
Parsing 'GSUB' table...
Parsing 'PfEd' table...
Compiling "/home/travis/build/fontdirectory/thabit/builds/build/sources/Thabit-Oblique-Oblique.ttx" to "/home/travis/build/fontdirectory/thabit/builds/build/Thabit-Oblique-Oblique.ttf"...
Parsing 'GlyphOrder' table...
Parsing 'head' table...
Parsing 'hhea' table...
Parsing 'maxp' table...
Parsing 'OS/2' table...
Parsing 'hmtx' table...
Parsing 'cmap' table...
Parsing 'fpgm' table...
Parsing 'prep' table...
Parsing 'cvt ' table...
Parsing 'loca' table...
Parsing 'glyf' table...
Parsing 'name' table...
Parsing 'post' table...
Parsing 'gasp' table...
Parsing 'FFTM' table...
Parsing 'GDEF' table...
Parsing 'GPOS' table...
Parsing 'GSUB' table...
Parsing 'PfEd' table...
### Test Thabit-Bold-Oblique-BoldOblique.ttf
$ fontbakery-check.py result Thabit-Bold-Oblique-BoldOblique.ttf
bakery_lint.tests.downstream.test_check_license_included.CheckLicenseIncluded.test_license_included_in_font_names(): OK
bakery_lint.tests.downstream.test_check_names_same_across_platforms.CheckNamesSameAcrossPlatforms.test_check_names_same_across_platforms(): OK
bakery_lint.tests.downstream.test_check_unencoded_glyph.TestFontUnencodedGlyph.test_font_unencoded_glyphs(): FAIL
$ fontbakery-fix-glyph-private-encoding.py --autofix /home/travis/build/fontdirectory/thabit/builds/build/Thabit-Bold-Oblique-BoldOblique.ttf
$ mv /home/travis/build/fontdirectory/thabit/builds/build/Thabit-Bold-Oblique-BoldOblique.ttf.fix /home/travis/build/fontdirectory/thabit/builds/build/Thabit-Bold-Oblique-BoldOblique.ttf
bakery_lint.tests.downstream.test_check_unencoded_glyph.TestFontUnencodedGlyph.test_font_unencoded_glyphs(): FAIL
bakery_lint.tests.downstream.test_check_full_font_name_begins_with_family_name.CheckFullFontNameBeginsWithFamilyName.test_check_full_font_name_begins_with_family_name(): OK
bakery_lint.tests.downstream.test_check_panose_identification.CheckPanoseIdentification.test_check_panose_identification(): OK
bakery_lint.tests.downstream.test_check_name_table_recommendation.CheckStyleNameRecommendation.test_check_stylename_is_under_recommendations(): FAIL
$ fontbakery-fix-opentype-names.py /home/travis/build/fontdirectory/thabit/builds/build/Thabit-Bold-Oblique-BoldOblique.ttf
$ mv /home/travis/build/fontdirectory/thabit/builds/build/Thabit-Bold-Oblique-BoldOblique.ttf.fix /home/travis/build/fontdirectory/thabit/builds/build/Thabit-Bold-Oblique-BoldOblique.ttf
bakery_lint.tests.downstream.test_check_name_table_recommendation.CheckStyleNameRecommendation.test_check_stylename_is_under_recommendations(): FAIL
bakery_lint.tests.downstream.test_check_name_table_recommendation.CheckOTFamilyNameRecommendation.test_check_opentype_familyname(): OK
bakery_lint.tests.downstream.test_check_name_table_recommendation.CheckOTStyleNameRecommendation.test_check_opentype_stylename(): FAIL
$ fontbakery-fix-opentype-names.py /home/travis/build/fontdirectory/thabit/builds/build/Thabit-Bold-Oblique-BoldOblique.ttf
$ mv /home/travis/build/fontdirectory/thabit/builds/build/Thabit-Bold-Oblique-BoldOblique.ttf.fix /home/travis/build/fontdirectory/thabit/builds/build/Thabit-Bold-Oblique-BoldOblique.ttf
bakery_lint.tests.downstream.test_check_name_table_recommendation.CheckOTStyleNameRecommendation.test_check_opentype_stylename(): FAIL
bakery_lint.tests.downstream.test_check_name_table_recommendation.CheckOTFullNameRecommendation.test_check_opentype_fullname(): OK
bakery_lint.tests.downstream.test_check_os2_width_class.CheckOS2WidthClass.test_check_os2_width_class(): OK
bakery_lint.tests.downstream.test_gasp_table_value.CheckGaspTableType.test_check_gasp_table_type(): FAIL
$ fontbakery-fix-gasp.py --set=15 /home/travis/build/fontdirectory/thabit/builds/build/Thabit-Bold-Oblique-BoldOblique.ttf
no table gasp
$ mv /home/travis/build/fontdirectory/thabit/builds/build/Thabit-Bold-Oblique-BoldOblique.ttf.fix /home/travis/build/fontdirectory/thabit/builds/build/Thabit-Bold-Oblique-BoldOblique.ttf
bakery_lint.tests.downstream.test_gasp_table_value.CheckGaspTableType.test_check_gasp_table_type(): FAIL
bakery_lint.tests.downstream.test_check_upm_heights_less_120.TestCheckUPMHeightsLess120.test_check_upm_heigths_less_120(): FAIL
bakery_lint.tests.downstream.test_check_fontname_matches_macstyle.CheckFontNameEqualToMacStyleFlags.test_fontname_is_equal_to_macstyle(): FAIL
bakery_lint.tests.downstream.test_check_vertical_metrics.CheckVerticalLinegapMetrics.test_metrics_linegaps_are_zero(): FAIL
$ fontbakery-fix-vertical-metrics.py --autofix /home/travis/build/fontdirectory/thabit/builds/build/Thabit-Oblique-Oblique.ttf /home/travis/build/fontdirectory/thabit/builds/build/Thabit-Bold-Oblique-BoldOblique.ttf /home/travis/build/fontdirectory/thabit/builds/build/Thabit-Regular.ttf /home/travis/build/fontdirectory/thabit/builds/build/Thabit-Bold-Bold.ttf
$ mv /home/travis/build/fontdirectory/thabit/builds/build/Thabit-Oblique-Oblique.ttf.fix /home/travis/build/fontdirectory/thabit/builds/build/Thabit-Oblique-Oblique.ttf
$ mv /home/travis/build/fontdirectory/thabit/builds/build/Thabit-Bold-Oblique-BoldOblique.ttf.fix /home/travis/build/fontdirectory/thabit/builds/build/Thabit-Bold-Oblique-BoldOblique.ttf
$ mv /home/travis/build/fontdirectory/thabit/builds/build/Thabit-Regular.ttf.fix /home/travis/build/fontdirectory/thabit/builds/build/Thabit-Regular.ttf
$ mv /home/travis/build/fontdirectory/thabit/builds/build/Thabit-Bold-Bold.ttf.fix /home/travis/build/fontdirectory/thabit/builds/build/Thabit-Bold-Bold.ttf
$ fontbakery-fix-vertical-metrics.py /home/travis/build/fontdirectory/thabit/builds/build/Thabit-Oblique-Oblique.ttf /home/travis/build/fontdirectory/thabit/builds/build/Thabit-Bold-Oblique-BoldOblique.ttf /home/travis/build/fontdirectory/thabit/builds/build/Thabit-Regular.ttf /home/travis/build/fontdirectory/thabit/builds/build/Thabit-Bold-Bold.ttf
Parameter              Thabit-Oblique-Oblique.ttf    Thabit-Bold-Oblique-BoldOblique.ttf    Thabit-Regular.ttf    Thabit-Bold-Bold.ttf    
ymax                   983                           1010                                   983                   1010                    
hhea.ascent            1010                          1010                                   1010                  1010                    
OS/2.sTypoAscender     1010                          1010                                   1010                  1010                    
OS/2.usWinAscent       1010                          1010                                   1010                  1010                    
ymin                   -556                          -556                                   -556                  -556                    
hhea.descent           -556                          -556                                   -556                  -556                    
OS/2.sTypoDescender    -556                          -556                                   -556                  -556                    
OS/2.usWinDescent      556                           556                                    556                   556                     
hhea.lineGap           0                             0                                      0                     0                       
OS/2.sTypoLineGap      0                             0                                      0                     0                       
hhea total             1566                          1566                                   1566                  1566                    
typo total             1566                          1566                                   1566                  1566                    
win total              1566                          1566                                   1566                  1566                    
UPM:Heights            1024:1539                     1024:1566                              1024:1539             1024:1566               
UPM:Heights %          150 %                         152 %                                  150 %                 152 %                   


bakery_lint.tests.downstream.test_check_vertical_metrics.CheckVerticalLinegapMetrics.test_metrics_linegaps_are_zero(): OK
bakery_lint.tests.downstream.test_check_vertical_metrics.CheckVerticalAscentMetrics.test_metrics_ascents_equal_bbox(): OK
bakery_lint.tests.downstream.test_check_vertical_metrics.CheckVerticalDescentMetrics.test_metrics_descents_equal_bbox(): OK
bakery_lint.tests.downstream.test_check_font_agreements.CheckFsTypeIsNotSet.test_is_fstype_not_set(): OK
$ fontbakery-fix-fstype.py --autofix /home/travis/build/fontdirectory/thabit/builds/build/Thabit-Bold-Oblique-BoldOblique.ttf
$ mv /home/travis/build/fontdirectory/thabit/builds/build/Thabit-Bold-Oblique-BoldOblique.ttf.fix /home/travis/build/fontdirectory/thabit/builds/build/Thabit-Bold-Oblique-BoldOblique.ttf
bakery_lint.tests.downstream.test_check_font_agreements.CheckFontAgreements.test_em_is_1000(): FAIL
bakery_lint.tests.downstream.test_check_font_agreements.CheckFontAgreements.test_font_is_font(): OK
bakery_lint.tests.downstream.test_check_font_agreements.CheckFontAgreements.test_latin_file_exists(): FAIL
bakery_lint.tests.downstream.test_check_font_agreements.CheckFontAgreements.test_menu_file_exists(): FAIL
bakery_lint.tests.downstream.test_check_glyf_table_length.CheckGlyfTableLength.test_check_glyf_table_length(): FAIL
bakery_lint.tests.downstream.test_check_nbsp_width_matches_sp_width.CheckNbspWidthMatchesSpWidth.test_check_nbsp_width_matches_sp_width(): FAIL
$ fontbakery-fix-nbsp.py /home/travis/build/fontdirectory/thabit/builds/build/Thabit-Bold-Oblique-BoldOblique.ttf
$ mv /home/travis/build/fontdirectory/thabit/builds/build/Thabit-Bold-Oblique-BoldOblique.ttf.fix /home/travis/build/fontdirectory/thabit/builds/build/Thabit-Bold-Oblique-BoldOblique.ttf
bakery_lint.tests.downstream.test_check_nbsp_width_matches_sp_width.CheckNbspWidthMatchesSpWidth.test_check_nbsp_width_matches_sp_width(): FAIL
bakery_lint.tests.downstream.test_check_glyph_existence.CheckGlyphExistence.test_euro(): FAIL
bakery_lint.tests.downstream.test_check_glyph_existence.CheckGlyphExistence.test_nbsp(): OK
bakery_lint.tests.downstream.test_check_glyph_existence.CheckGlyphExistence.test_space(): OK
bakery_lint.tests.downstream.test_check_italic_angle_agreement.CheckItalicAngleAgreement.test_check_italic_angle_agreement(): OK
bakery_lint.tests.downstream.test_check_hmtx_hhea_max_advance_width_agreement.CheckHmtxHheaMaxAdvanceWidthAgreement.test_check_hmtx_hhea_max_advance_width_agreement(): OK
bakery_lint.tests.downstream.test_check_magic_prep_code.CheckMagicPREPByteCode.test_prep_magic_code(): FAIL
Warning: Mac string is a subset of the Windows string in the 'name' table
 for the Preferred Family string in the English (US) language.
Warning: Mac string is a subset of the Windows string in the 'name' table
 for the Compatible Full string in the English (US) language.
The glyph named Omega is mapped to U+03A9.
But its name indicates it should be mapped to U+2126.
The glyph named mu is mapped to U+03BC.
But its name indicates it should be mapped to U+00B5.
bakery_lint.tests.downstream.test_fontforge_validation_state.FontForgeValidateStateTest.test_allowed_numbers_paths_in_composite_glyphs(): OK
bakery_lint.tests.downstream.test_fontforge_validation_state.FontForgeValidateStateTest.test_allowed_numbers_paths_in_glyphs(): OK
bakery_lint.tests.downstream.test_fontforge_validation_state.FontForgeValidateStateTest.test_allowed_numbers_points_in_composite_glyphs(): OK
bakery_lint.tests.downstream.test_fontforge_validation_state.FontForgeValidateStateTest.test_allowed_numbers_points_in_glyphs(): OK
bakery_lint.tests.downstream.test_fontforge_validation_state.FontForgeValidateStateTest.test_duplicate_glyphs(): OK
bakery_lint.tests.downstream.test_fontforge_validation_state.FontForgeValidateStateTest.test_duplicate_unicode_codepoints(): OK
bakery_lint.tests.downstream.test_fontforge_validation_state.FontForgeValidateStateTest.test_flipped_reference_in_glyphs(): OK
bakery_lint.tests.downstream.test_fontforge_validation_state.FontForgeValidateStateTest.test_missing_anchors(): OK
bakery_lint.tests.downstream.test_fontforge_validation_state.FontForgeValidateStateTest.test_missing_extrema_in_glyphs(): FAIL
bakery_lint.tests.downstream.test_fontforge_validation_state.FontForgeValidateStateTest.test_overlapped_hints(): OK
bakery_lint.tests.downstream.test_fontforge_validation_state.FontForgeValidateStateTest.test_points_are_integer_aligned(): OK
bakery_lint.tests.downstream.test_fontforge_validation_state.FontForgeValidateStateTest.test_points_are_not_too_far_apart(): OK
bakery_lint.tests.downstream.test_fontforge_validation_state.FontForgeValidateStateTest.test_postscript_hasnt_limit_hints_in_glyphs(): OK
bakery_lint.tests.downstream.test_fontforge_validation_state.FontForgeValidateStateTest.test_postscript_hasnt_limit_points_in_glyphs(): OK
bakery_lint.tests.downstream.test_fontforge_validation_state.FontForgeValidateStateTest.test_referenced_glyphs_are_present(): OK
bakery_lint.tests.downstream.test_fontforge_validation_state.FontForgeValidateStateTest.test_valid_glyph_names(): OK
bakery_lint.tests.downstream.test_fontforge_validation_state.FontForgeValidateStateTest.test_valid_length_instructions(): OK
bakery_lint.tests.downstream.test_fontforge_validation_state.FontForgeValidateStateTest.test_validation_glyph_intersect(): FAIL
bakery_lint.tests.downstream.test_fontforge_validation_state.FontForgeValidateStateTest.test_validation_open_contours(): OK
bakery_lint.tests.downstream.test_fontforge_validation_state.FontForgeValidateStateTest.test_wrong_direction_in_glyphs(): FAIL
bakery_lint.tests.downstream.test_names_are_ascii_only.CheckNamesAreASCIIOnly.test_check_names_are_ascii_only(): FAIL
$ fontbakery-fix-ascii-fontmetadata.py /home/travis/build/fontdirectory/thabit/builds/build/Thabit-Bold-Oblique-BoldOblique.ttf
$ mv /home/travis/build/fontdirectory/thabit/builds/build/Thabit-Bold-Oblique-BoldOblique.ttf.fix /home/travis/build/fontdirectory/thabit/builds/build/Thabit-Bold-Oblique-BoldOblique.ttf
bakery_lint.tests.downstream.test_names_are_ascii_only.CheckNamesAreASCIIOnly.test_check_names_are_ascii_only(): OK
bakery_lint.tests.downstream.test_check_font_tables.CheckFontHasDsigTable.test_check_font_has_dsig_table(): FAIL
$ fontbakery-fix-dsig.py /home/travis/build/fontdirectory/thabit/builds/build/Thabit-Bold-Oblique-BoldOblique.ttf
$ mv /home/travis/build/fontdirectory/thabit/builds/build/Thabit-Bold-Oblique-BoldOblique.ttf.fix /home/travis/build/fontdirectory/thabit/builds/build/Thabit-Bold-Oblique-BoldOblique.ttf
bakery_lint.tests.downstream.test_check_font_tables.CheckFontHasDsigTable.test_check_font_has_dsig_table(): OK
bakery_lint.tests.downstream.test_check_font_tables.CheckFontHasNotKernTable.test_no_kern_table_exists(): OK
bakery_lint.tests.downstream.test_gpos_table_has_kerning_info.CheckGposTableHasKerningInfo.test_gpos_table_has_kerning_info(): FAIL
bakery_lint.tests.downstream.test_check_no_problematic_formats.CheckNoProblematicFormats.test_check_no_problematic_formats(): OK
bakery_lint.tests.downstream.test_check_unused_glyph_data.CheckUnusedGlyphData.test_check_unused_glyph_data(): ERROR
### Optimize TTF Thabit-Bold-Oblique-BoldOblique.ttf
$ ls -l 'Thabit-Bold-Oblique-BoldOblique.ttf'* # look at the size savings of that subset process
Thabit-Bold-Oblique-BoldOblique.ttf.opt: 117340 bytes
Thabit-Bold-Oblique-BoldOblique.ttf: 130920 bytes
$ mv /home/travis/build/fontdirectory/thabit/builds/build/Thabit-Bold-Oblique-BoldOblique.ttf.opt /home/travis/build/fontdirectory/thabit/builds/build/Thabit-Bold-Oblique-BoldOblique.ttf
### Autohint TTFs (ttfautohint) Thabit-Bold-Oblique-BoldOblique.ttf
$ ttfautohint -l 7 -r 28 -G 50 -x 13 -w "G" /home/travis/build/fontdirectory/thabit/builds/build/Thabit-Bold-Oblique-BoldOblique.ttf '/home/travis/build/fontdirectory/thabit/builds/build/Thabit-Bold-Oblique-BoldOblique.autohint.ttf'

$ ls -l /home/travis/build/fontdirectory/thabit/builds/build/Thabit-Bold-Oblique-BoldOblique.*ttf # look at the size savings of that subset process
/home/travis/build/fontdirectory/thabit/builds/build/Thabit-Bold-Oblique-BoldOblique.ttf: 117340 bytes
/home/travis/build/fontdirectory/thabit/builds/build/Thabit-Bold-Oblique-BoldOblique.autohint.ttf: 138496 bytes
$ mv /home/travis/build/fontdirectory/thabit/builds/build/Thabit-Bold-Oblique-BoldOblique.autohint.ttf /home/travis/build/fontdirectory/thabit/builds/build/Thabit-Bold-Oblique-BoldOblique.ttf
### Subset TTFs (pyftsubset) Thabit-Bold-Oblique-BoldOblique.ttf
$ pyftsubset Thabit-Bold-Oblique-BoldOblique.latin
$ pyftsubset Thabit-Bold-Oblique-BoldOblique.menu
No nbsp glyph
spaceWidth is    637
nbspWidth is     0
Thabit-Bold-Oblique-BoldOblique.ttf.fix made with spaceWidth and nbspWidth of 637
strippedname:/home/travis/build/fontdirectory/thabit/builds/build/Thabit-Bold-Oblique-BoldOblique.ttf
### Test Thabit-Bold-Bold.ttf
$ fontbakery-check.py result Thabit-Bold-Bold.ttf
bakery_lint.tests.downstream.test_check_license_included.CheckLicenseIncluded.test_license_included_in_font_names(): OK
bakery_lint.tests.downstream.test_check_names_same_across_platforms.CheckNamesSameAcrossPlatforms.test_check_names_same_across_platforms(): OK
bakery_lint.tests.downstream.test_check_unencoded_glyph.TestFontUnencodedGlyph.test_font_unencoded_glyphs(): FAIL
$ fontbakery-fix-glyph-private-encoding.py --autofix /home/travis/build/fontdirectory/thabit/builds/build/Thabit-Bold-Bold.ttf
$ mv /home/travis/build/fontdirectory/thabit/builds/build/Thabit-Bold-Bold.ttf.fix /home/travis/build/fontdirectory/thabit/builds/build/Thabit-Bold-Bold.ttf
bakery_lint.tests.downstream.test_check_unencoded_glyph.TestFontUnencodedGlyph.test_font_unencoded_glyphs(): FAIL
bakery_lint.tests.downstream.test_check_full_font_name_begins_with_family_name.CheckFullFontNameBeginsWithFamilyName.test_check_full_font_name_begins_with_family_name(): OK
bakery_lint.tests.downstream.test_check_panose_identification.CheckPanoseIdentification.test_check_panose_identification(): OK
bakery_lint.tests.downstream.test_check_name_table_recommendation.CheckStyleNameRecommendation.test_check_stylename_is_under_recommendations(): OK
bakery_lint.tests.downstream.test_check_name_table_recommendation.CheckOTFamilyNameRecommendation.test_check_opentype_familyname(): FAIL
$ fontbakery-fix-opentype-names.py /home/travis/build/fontdirectory/thabit/builds/build/Thabit-Bold-Bold.ttf
$ mv /home/travis/build/fontdirectory/thabit/builds/build/Thabit-Bold-Bold.ttf.fix /home/travis/build/fontdirectory/thabit/builds/build/Thabit-Bold-Bold.ttf
bakery_lint.tests.downstream.test_check_name_table_recommendation.CheckOTFamilyNameRecommendation.test_check_opentype_familyname(): OK
bakery_lint.tests.downstream.test_check_name_table_recommendation.CheckOTStyleNameRecommendation.test_check_opentype_stylename(): OK
bakery_lint.tests.downstream.test_check_name_table_recommendation.CheckOTFullNameRecommendation.test_check_opentype_fullname(): OK
bakery_lint.tests.downstream.test_check_os2_width_class.CheckOS2WidthClass.test_check_os2_width_class(): OK
bakery_lint.tests.downstream.test_gasp_table_value.CheckGaspTableType.test_check_gasp_table_type(): FAIL
$ fontbakery-fix-gasp.py --set=15 /home/travis/build/fontdirectory/thabit/builds/build/Thabit-Bold-Bold.ttf
no table gasp
$ mv /home/travis/build/fontdirectory/thabit/builds/build/Thabit-Bold-Bold.ttf.fix /home/travis/build/fontdirectory/thabit/builds/build/Thabit-Bold-Bold.ttf
bakery_lint.tests.downstream.test_gasp_table_value.CheckGaspTableType.test_check_gasp_table_type(): FAIL
bakery_lint.tests.downstream.test_check_upm_heights_less_120.TestCheckUPMHeightsLess120.test_check_upm_heigths_less_120(): FAIL
bakery_lint.tests.downstream.test_check_fontname_matches_macstyle.CheckFontNameEqualToMacStyleFlags.test_fontname_is_equal_to_macstyle(): FAIL
bakery_lint.tests.downstream.test_check_vertical_metrics.CheckVerticalLinegapMetrics.test_metrics_linegaps_are_zero(): OK
bakery_lint.tests.downstream.test_check_vertical_metrics.CheckVerticalAscentMetrics.test_metrics_ascents_equal_bbox(): OK
bakery_lint.tests.downstream.test_check_vertical_metrics.CheckVerticalDescentMetrics.test_metrics_descents_equal_bbox(): OK
bakery_lint.tests.downstream.test_check_font_agreements.CheckFsTypeIsNotSet.test_is_fstype_not_set(): OK
$ fontbakery-fix-fstype.py --autofix /home/travis/build/fontdirectory/thabit/builds/build/Thabit-Bold-Bold.ttf
$ mv /home/travis/build/fontdirectory/thabit/builds/build/Thabit-Bold-Bold.ttf.fix /home/travis/build/fontdirectory/thabit/builds/build/Thabit-Bold-Bold.ttf
bakery_lint.tests.downstream.test_check_font_agreements.CheckFontAgreements.test_em_is_1000(): FAIL
bakery_lint.tests.downstream.test_check_font_agreements.CheckFontAgreements.test_font_is_font(): OK
bakery_lint.tests.downstream.test_check_font_agreements.CheckFontAgreements.test_latin_file_exists(): FAIL
bakery_lint.tests.downstream.test_check_font_agreements.CheckFontAgreements.test_menu_file_exists(): FAIL
bakery_lint.tests.downstream.test_check_glyf_table_length.CheckGlyfTableLength.test_check_glyf_table_length(): FAIL
bakery_lint.tests.downstream.test_check_nbsp_width_matches_sp_width.CheckNbspWidthMatchesSpWidth.test_check_nbsp_width_matches_sp_width(): FAIL
$ fontbakery-fix-nbsp.py /home/travis/build/fontdirectory/thabit/builds/build/Thabit-Bold-Bold.ttf
$ mv /home/travis/build/fontdirectory/thabit/builds/build/Thabit-Bold-Bold.ttf.fix /home/travis/build/fontdirectory/thabit/builds/build/Thabit-Bold-Bold.ttf
bakery_lint.tests.downstream.test_check_nbsp_width_matches_sp_width.CheckNbspWidthMatchesSpWidth.test_check_nbsp_width_matches_sp_width(): FAIL
bakery_lint.tests.downstream.test_check_glyph_existence.CheckGlyphExistence.test_euro(): FAIL
bakery_lint.tests.downstream.test_check_glyph_existence.CheckGlyphExistence.test_nbsp(): OK
bakery_lint.tests.downstream.test_check_glyph_existence.CheckGlyphExistence.test_space(): OK
bakery_lint.tests.downstream.test_check_italic_angle_agreement.CheckItalicAngleAgreement.test_check_italic_angle_agreement(): OK
bakery_lint.tests.downstream.test_check_hmtx_hhea_max_advance_width_agreement.CheckHmtxHheaMaxAdvanceWidthAgreement.test_check_hmtx_hhea_max_advance_width_agreement(): OK
bakery_lint.tests.downstream.test_check_magic_prep_code.CheckMagicPREPByteCode.test_prep_magic_code(): FAIL
Warning: Mac string is a subset of the Windows string in the 'name' table
 for the Preferred Family string in the English (US) language.
Warning: Mac string is a subset of the Windows string in the 'name' table
 for the Compatible Full string in the English (US) language.
The glyph named Omega is mapped to U+03A9.
But its name indicates it should be mapped to U+2126.
The glyph named mu is mapped to U+03BC.
But its name indicates it should be mapped to U+00B5.
bakery_lint.tests.downstream.test_fontforge_validation_state.FontForgeValidateStateTest.test_allowed_numbers_paths_in_composite_glyphs(): OK
bakery_lint.tests.downstream.test_fontforge_validation_state.FontForgeValidateStateTest.test_allowed_numbers_paths_in_glyphs(): OK
bakery_lint.tests.downstream.test_fontforge_validation_state.FontForgeValidateStateTest.test_allowed_numbers_points_in_composite_glyphs(): OK
bakery_lint.tests.downstream.test_fontforge_validation_state.FontForgeValidateStateTest.test_allowed_numbers_points_in_glyphs(): OK
bakery_lint.tests.downstream.test_fontforge_validation_state.FontForgeValidateStateTest.test_duplicate_glyphs(): OK
bakery_lint.tests.downstream.test_fontforge_validation_state.FontForgeValidateStateTest.test_duplicate_unicode_codepoints(): OK
bakery_lint.tests.downstream.test_fontforge_validation_state.FontForgeValidateStateTest.test_flipped_reference_in_glyphs(): OK
bakery_lint.tests.downstream.test_fontforge_validation_state.FontForgeValidateStateTest.test_missing_anchors(): OK
bakery_lint.tests.downstream.test_fontforge_validation_state.FontForgeValidateStateTest.test_missing_extrema_in_glyphs(): FAIL
bakery_lint.tests.downstream.test_fontforge_validation_state.FontForgeValidateStateTest.test_overlapped_hints(): OK
bakery_lint.tests.downstream.test_fontforge_validation_state.FontForgeValidateStateTest.test_points_are_integer_aligned(): OK
bakery_lint.tests.downstream.test_fontforge_validation_state.FontForgeValidateStateTest.test_points_are_not_too_far_apart(): OK
bakery_lint.tests.downstream.test_fontforge_validation_state.FontForgeValidateStateTest.test_postscript_hasnt_limit_hints_in_glyphs(): OK
bakery_lint.tests.downstream.test_fontforge_validation_state.FontForgeValidateStateTest.test_postscript_hasnt_limit_points_in_glyphs(): OK
bakery_lint.tests.downstream.test_fontforge_validation_state.FontForgeValidateStateTest.test_referenced_glyphs_are_present(): OK
bakery_lint.tests.downstream.test_fontforge_validation_state.FontForgeValidateStateTest.test_valid_glyph_names(): OK
bakery_lint.tests.downstream.test_fontforge_validation_state.FontForgeValidateStateTest.test_valid_length_instructions(): OK
bakery_lint.tests.downstream.test_fontforge_validation_state.FontForgeValidateStateTest.test_validation_glyph_intersect(): FAIL
bakery_lint.tests.downstream.test_fontforge_validation_state.FontForgeValidateStateTest.test_validation_open_contours(): OK
bakery_lint.tests.downstream.test_fontforge_validation_state.FontForgeValidateStateTest.test_wrong_direction_in_glyphs(): FAIL
bakery_lint.tests.downstream.test_names_are_ascii_only.CheckNamesAreASCIIOnly.test_check_names_are_ascii_only(): OK
bakery_lint.tests.downstream.test_check_font_tables.CheckFontHasDsigTable.test_check_font_has_dsig_table(): FAIL
$ fontbakery-fix-dsig.py /home/travis/build/fontdirectory/thabit/builds/build/Thabit-Bold-Bold.ttf
$ mv /home/travis/build/fontdirectory/thabit/builds/build/Thabit-Bold-Bold.ttf.fix /home/travis/build/fontdirectory/thabit/builds/build/Thabit-Bold-Bold.ttf
bakery_lint.tests.downstream.test_check_font_tables.CheckFontHasDsigTable.test_check_font_has_dsig_table(): OK
bakery_lint.tests.downstream.test_check_font_tables.CheckFontHasNotKernTable.test_no_kern_table_exists(): OK
bakery_lint.tests.downstream.test_gpos_table_has_kerning_info.CheckGposTableHasKerningInfo.test_gpos_table_has_kerning_info(): FAIL
bakery_lint.tests.downstream.test_check_no_problematic_formats.CheckNoProblematicFormats.test_check_no_problematic_formats(): OK
bakery_lint.tests.downstream.test_check_unused_glyph_data.CheckUnusedGlyphData.test_check_unused_glyph_data(): ERROR
### Optimize TTF Thabit-Bold-Bold.ttf
$ ls -l 'Thabit-Bold-Bold.ttf'* # look at the size savings of that subset process
Thabit-Bold-Bold.ttf.opt: 107220 bytes
Thabit-Bold-Bold.ttf: 120744 bytes
$ mv /home/travis/build/fontdirectory/thabit/builds/build/Thabit-Bold-Bold.ttf.opt /home/travis/build/fontdirectory/thabit/builds/build/Thabit-Bold-Bold.ttf
### Autohint TTFs (ttfautohint) Thabit-Bold-Bold.ttf
$ ttfautohint -l 7 -r 28 -G 50 -x 13 -w "G" /home/travis/build/fontdirectory/thabit/builds/build/Thabit-Bold-Bold.ttf '/home/travis/build/fontdirectory/thabit/builds/build/Thabit-Bold-Bold.autohint.ttf'

$ ls -l /home/travis/build/fontdirectory/thabit/builds/build/Thabit-Bold-Bold.*ttf # look at the size savings of that subset process
/home/travis/build/fontdirectory/thabit/builds/build/Thabit-Bold-Bold.ttf: 107220 bytes
/home/travis/build/fontdirectory/thabit/builds/build/Thabit-Bold-Bold.autohint.ttf: 128204 bytes
$ mv /home/travis/build/fontdirectory/thabit/builds/build/Thabit-Bold-Bold.autohint.ttf /home/travis/build/fontdirectory/thabit/builds/build/Thabit-Bold-Bold.ttf
### Subset TTFs (pyftsubset) Thabit-Bold-Bold.ttf
$ pyftsubset Thabit-Bold-Bold.latin
$ pyftsubset Thabit-Bold-Bold.menu
No nbsp glyph
spaceWidth is    637
nbspWidth is     0
Thabit-Bold-Bold.ttf.fix made with spaceWidth and nbspWidth of 637
strippedname:/home/travis/build/fontdirectory/thabit/builds/build/Thabit-Bold-Bold.ttf
### Test Thabit-Regular.ttf
$ fontbakery-check.py result Thabit-Regular.ttf
bakery_lint.tests.downstream.test_check_license_included.CheckLicenseIncluded.test_license_included_in_font_names(): OK
bakery_lint.tests.downstream.test_check_names_same_across_platforms.CheckNamesSameAcrossPlatforms.test_check_names_same_across_platforms(): OK
bakery_lint.tests.downstream.test_check_unencoded_glyph.TestFontUnencodedGlyph.test_font_unencoded_glyphs(): FAIL
$ fontbakery-fix-glyph-private-encoding.py --autofix /home/travis/build/fontdirectory/thabit/builds/build/Thabit-Regular.ttf
$ mv /home/travis/build/fontdirectory/thabit/builds/build/Thabit-Regular.ttf.fix /home/travis/build/fontdirectory/thabit/builds/build/Thabit-Regular.ttf
bakery_lint.tests.downstream.test_check_unencoded_glyph.TestFontUnencodedGlyph.test_font_unencoded_glyphs(): FAIL
bakery_lint.tests.downstream.test_check_full_font_name_begins_with_family_name.CheckFullFontNameBeginsWithFamilyName.test_check_full_font_name_begins_with_family_name(): OK
bakery_lint.tests.downstream.test_check_panose_identification.CheckPanoseIdentification.test_check_panose_identification(): OK
bakery_lint.tests.downstream.test_check_name_table_recommendation.CheckStyleNameRecommendation.test_check_stylename_is_under_recommendations(): OK
bakery_lint.tests.downstream.test_check_name_table_recommendation.CheckOTFamilyNameRecommendation.test_check_opentype_familyname(): OK
bakery_lint.tests.downstream.test_check_name_table_recommendation.CheckOTStyleNameRecommendation.test_check_opentype_stylename(): FAIL
$ fontbakery-fix-opentype-names.py /home/travis/build/fontdirectory/thabit/builds/build/Thabit-Regular.ttf
$ mv /home/travis/build/fontdirectory/thabit/builds/build/Thabit-Regular.ttf.fix /home/travis/build/fontdirectory/thabit/builds/build/Thabit-Regular.ttf
bakery_lint.tests.downstream.test_check_name_table_recommendation.CheckOTStyleNameRecommendation.test_check_opentype_stylename(): OK
bakery_lint.tests.downstream.test_check_name_table_recommendation.CheckOTFullNameRecommendation.test_check_opentype_fullname(): OK
bakery_lint.tests.downstream.test_check_os2_width_class.CheckOS2WidthClass.test_check_os2_width_class(): OK
bakery_lint.tests.downstream.test_gasp_table_value.CheckGaspTableType.test_check_gasp_table_type(): FAIL
$ fontbakery-fix-gasp.py --set=15 /home/travis/build/fontdirectory/thabit/builds/build/Thabit-Regular.ttf
$ mv /home/travis/build/fontdirectory/thabit/builds/build/Thabit-Regular.ttf.fix /home/travis/build/fontdirectory/thabit/builds/build/Thabit-Regular.ttf
bakery_lint.tests.downstream.test_gasp_table_value.CheckGaspTableType.test_check_gasp_table_type(): OK
$ fontbakery-fix-gasp.py --set=15 /home/travis/build/fontdirectory/thabit/builds/build/Thabit-Regular.ttf
$ mv /home/travis/build/fontdirectory/thabit/builds/build/Thabit-Regular.ttf.fix /home/travis/build/fontdirectory/thabit/builds/build/Thabit-Regular.ttf
bakery_lint.tests.downstream.test_check_upm_heights_less_120.TestCheckUPMHeightsLess120.test_check_upm_heigths_less_120(): FAIL
bakery_lint.tests.downstream.test_check_fontname_matches_macstyle.CheckFontNameEqualToMacStyleFlags.test_fontname_is_equal_to_macstyle(): FAIL
bakery_lint.tests.downstream.test_check_vertical_metrics.CheckVerticalLinegapMetrics.test_metrics_linegaps_are_zero(): OK
bakery_lint.tests.downstream.test_check_vertical_metrics.CheckVerticalAscentMetrics.test_metrics_ascents_equal_bbox(): OK
bakery_lint.tests.downstream.test_check_vertical_metrics.CheckVerticalDescentMetrics.test_metrics_descents_equal_bbox(): OK
bakery_lint.tests.downstream.test_check_font_agreements.CheckFsTypeIsNotSet.test_is_fstype_not_set(): OK
$ fontbakery-fix-fstype.py --autofix /home/travis/build/fontdirectory/thabit/builds/build/Thabit-Regular.ttf
$ mv /home/travis/build/fontdirectory/thabit/builds/build/Thabit-Regular.ttf.fix /home/travis/build/fontdirectory/thabit/builds/build/Thabit-Regular.ttf
bakery_lint.tests.downstream.test_check_font_agreements.CheckFontAgreements.test_em_is_1000(): FAIL
bakery_lint.tests.downstream.test_check_font_agreements.CheckFontAgreements.test_font_is_font(): OK
bakery_lint.tests.downstream.test_check_font_agreements.CheckFontAgreements.test_latin_file_exists(): FAIL
bakery_lint.tests.downstream.test_check_font_agreements.CheckFontAgreements.test_menu_file_exists(): FAIL
bakery_lint.tests.downstream.test_check_glyf_table_length.CheckGlyfTableLength.test_check_glyf_table_length(): FAIL
bakery_lint.tests.downstream.test_check_nbsp_width_matches_sp_width.CheckNbspWidthMatchesSpWidth.test_check_nbsp_width_matches_sp_width(): FAIL
$ fontbakery-fix-nbsp.py /home/travis/build/fontdirectory/thabit/builds/build/Thabit-Regular.ttf
$ mv /home/travis/build/fontdirectory/thabit/builds/build/Thabit-Regular.ttf.fix /home/travis/build/fontdirectory/thabit/builds/build/Thabit-Regular.ttf
bakery_lint.tests.downstream.test_check_nbsp_width_matches_sp_width.CheckNbspWidthMatchesSpWidth.test_check_nbsp_width_matches_sp_width(): FAIL
bakery_lint.tests.downstream.test_check_glyph_existence.CheckGlyphExistence.test_euro(): FAIL
bakery_lint.tests.downstream.test_check_glyph_existence.CheckGlyphExistence.test_nbsp(): OK
bakery_lint.tests.downstream.test_check_glyph_existence.CheckGlyphExistence.test_space(): OK
bakery_lint.tests.downstream.test_check_italic_angle_agreement.CheckItalicAngleAgreement.test_check_italic_angle_agreement(): OK
bakery_lint.tests.downstream.test_check_hmtx_hhea_max_advance_width_agreement.CheckHmtxHheaMaxAdvanceWidthAgreement.test_check_hmtx_hhea_max_advance_width_agreement(): OK
bakery_lint.tests.downstream.test_check_magic_prep_code.CheckMagicPREPByteCode.test_prep_magic_code(): FAIL
The glyph named Omega is mapped to U+03A9.
But its name indicates it should be mapped to U+2126.
The glyph named mu is mapped to U+03BC.
But its name indicates it should be mapped to U+00B5.
bakery_lint.tests.downstream.test_fontforge_validation_state.FontForgeValidateStateTest.test_allowed_numbers_paths_in_composite_glyphs(): OK
bakery_lint.tests.downstream.test_fontforge_validation_state.FontForgeValidateStateTest.test_allowed_numbers_paths_in_glyphs(): OK
bakery_lint.tests.downstream.test_fontforge_validation_state.FontForgeValidateStateTest.test_allowed_numbers_points_in_composite_glyphs(): OK
bakery_lint.tests.downstream.test_fontforge_validation_state.FontForgeValidateStateTest.test_allowed_numbers_points_in_glyphs(): OK
bakery_lint.tests.downstream.test_fontforge_validation_state.FontForgeValidateStateTest.test_duplicate_glyphs(): OK
bakery_lint.tests.downstream.test_fontforge_validation_state.FontForgeValidateStateTest.test_duplicate_unicode_codepoints(): OK
bakery_lint.tests.downstream.test_fontforge_validation_state.FontForgeValidateStateTest.test_flipped_reference_in_glyphs(): OK
bakery_lint.tests.downstream.test_fontforge_validation_state.FontForgeValidateStateTest.test_missing_anchors(): OK
bakery_lint.tests.downstream.test_fontforge_validation_state.FontForgeValidateStateTest.test_missing_extrema_in_glyphs(): FAIL
bakery_lint.tests.downstream.test_fontforge_validation_state.FontForgeValidateStateTest.test_overlapped_hints(): OK
bakery_lint.tests.downstream.test_fontforge_validation_state.FontForgeValidateStateTest.test_points_are_integer_aligned(): OK
bakery_lint.tests.downstream.test_fontforge_validation_state.FontForgeValidateStateTest.test_points_are_not_too_far_apart(): OK
bakery_lint.tests.downstream.test_fontforge_validation_state.FontForgeValidateStateTest.test_postscript_hasnt_limit_hints_in_glyphs(): OK
bakery_lint.tests.downstream.test_fontforge_validation_state.FontForgeValidateStateTest.test_postscript_hasnt_limit_points_in_glyphs(): OK
bakery_lint.tests.downstream.test_fontforge_validation_state.FontForgeValidateStateTest.test_referenced_glyphs_are_present(): OK
bakery_lint.tests.downstream.test_fontforge_validation_state.FontForgeValidateStateTest.test_valid_glyph_names(): OK
bakery_lint.tests.downstream.test_fontforge_validation_state.FontForgeValidateStateTest.test_valid_length_instructions(): OK
bakery_lint.tests.downstream.test_fontforge_validation_state.FontForgeValidateStateTest.test_validation_glyph_intersect(): FAIL
bakery_lint.tests.downstream.test_fontforge_validation_state.FontForgeValidateStateTest.test_validation_open_contours(): OK
bakery_lint.tests.downstream.test_fontforge_validation_state.FontForgeValidateStateTest.test_wrong_direction_in_glyphs(): FAIL
bakery_lint.tests.downstream.test_names_are_ascii_only.CheckNamesAreASCIIOnly.test_check_names_are_ascii_only(): OK
bakery_lint.tests.downstream.test_check_font_tables.CheckFontHasDsigTable.test_check_font_has_dsig_table(): FAIL
$ fontbakery-fix-dsig.py /home/travis/build/fontdirectory/thabit/builds/build/Thabit-Regular.ttf
$ mv /home/travis/build/fontdirectory/thabit/builds/build/Thabit-Regular.ttf.fix /home/travis/build/fontdirectory/thabit/builds/build/Thabit-Regular.ttf
bakery_lint.tests.downstream.test_check_font_tables.CheckFontHasDsigTable.test_check_font_has_dsig_table(): OK
bakery_lint.tests.downstream.test_check_font_tables.CheckFontHasNotKernTable.test_no_kern_table_exists(): OK
bakery_lint.tests.downstream.test_gpos_table_has_kerning_info.CheckGposTableHasKerningInfo.test_gpos_table_has_kerning_info(): FAIL
bakery_lint.tests.downstream.test_check_no_problematic_formats.CheckNoProblematicFormats.test_check_no_problematic_formats(): OK
bakery_lint.tests.downstream.test_check_unused_glyph_data.CheckUnusedGlyphData.test_check_unused_glyph_data(): ERROR
### Optimize TTF Thabit-Regular.ttf
$ ls -l 'Thabit-Regular.ttf'* # look at the size savings of that subset process
Thabit-Regular.ttf.opt: 110448 bytes
Thabit-Regular.ttf: 123904 bytes
$ mv /home/travis/build/fontdirectory/thabit/builds/build/Thabit-Regular.ttf.opt /home/travis/build/fontdirectory/thabit/builds/build/Thabit-Regular.ttf
### Autohint TTFs (ttfautohint) Thabit-Regular.ttf
$ ttfautohint -l 7 -r 28 -G 50 -x 13 -w "G" /home/travis/build/fontdirectory/thabit/builds/build/Thabit-Regular.ttf '/home/travis/build/fontdirectory/thabit/builds/build/Thabit-Regular.autohint.ttf'

$ ls -l /home/travis/build/fontdirectory/thabit/builds/build/Thabit-Regular.*ttf # look at the size savings of that subset process
/home/travis/build/fontdirectory/thabit/builds/build/Thabit-Regular.ttf: 110448 bytes
/home/travis/build/fontdirectory/thabit/builds/build/Thabit-Regular.autohint.ttf: 132312 bytes
$ mv /home/travis/build/fontdirectory/thabit/builds/build/Thabit-Regular.autohint.ttf /home/travis/build/fontdirectory/thabit/builds/build/Thabit-Regular.ttf
### Subset TTFs (pyftsubset) Thabit-Regular.ttf
$ pyftsubset Thabit-Regular.latin
$ pyftsubset Thabit-Regular.menu
No nbsp glyph
spaceWidth is    637
nbspWidth is     0
Thabit-Regular.ttf.fix made with spaceWidth and nbspWidth of 637
strippedname:/home/travis/build/fontdirectory/thabit/builds/build/Thabit-Regular.ttf
### Test Thabit-Oblique-Oblique.ttf
$ fontbakery-check.py result Thabit-Oblique-Oblique.ttf
bakery_lint.tests.downstream.test_check_license_included.CheckLicenseIncluded.test_license_included_in_font_names(): OK
bakery_lint.tests.downstream.test_check_names_same_across_platforms.CheckNamesSameAcrossPlatforms.test_check_names_same_across_platforms(): OK
bakery_lint.tests.downstream.test_check_unencoded_glyph.TestFontUnencodedGlyph.test_font_unencoded_glyphs(): FAIL
$ fontbakery-fix-glyph-private-encoding.py --autofix /home/travis/build/fontdirectory/thabit/builds/build/Thabit-Oblique-Oblique.ttf
$ mv /home/travis/build/fontdirectory/thabit/builds/build/Thabit-Oblique-Oblique.ttf.fix /home/travis/build/fontdirectory/thabit/builds/build/Thabit-Oblique-Oblique.ttf
bakery_lint.tests.downstream.test_check_unencoded_glyph.TestFontUnencodedGlyph.test_font_unencoded_glyphs(): FAIL
bakery_lint.tests.downstream.test_check_full_font_name_begins_with_family_name.CheckFullFontNameBeginsWithFamilyName.test_check_full_font_name_begins_with_family_name(): OK
bakery_lint.tests.downstream.test_check_panose_identification.CheckPanoseIdentification.test_check_panose_identification(): OK
bakery_lint.tests.downstream.test_check_name_table_recommendation.CheckStyleNameRecommendation.test_check_stylename_is_under_recommendations(): FAIL
$ fontbakery-fix-opentype-names.py /home/travis/build/fontdirectory/thabit/builds/build/Thabit-Oblique-Oblique.ttf
$ mv /home/travis/build/fontdirectory/thabit/builds/build/Thabit-Oblique-Oblique.ttf.fix /home/travis/build/fontdirectory/thabit/builds/build/Thabit-Oblique-Oblique.ttf
bakery_lint.tests.downstream.test_check_name_table_recommendation.CheckStyleNameRecommendation.test_check_stylename_is_under_recommendations(): FAIL
bakery_lint.tests.downstream.test_check_name_table_recommendation.CheckOTFamilyNameRecommendation.test_check_opentype_familyname(): OK
bakery_lint.tests.downstream.test_check_name_table_recommendation.CheckOTStyleNameRecommendation.test_check_opentype_stylename(): FAIL
$ fontbakery-fix-opentype-names.py /home/travis/build/fontdirectory/thabit/builds/build/Thabit-Oblique-Oblique.ttf
$ mv /home/travis/build/fontdirectory/thabit/builds/build/Thabit-Oblique-Oblique.ttf.fix /home/travis/build/fontdirectory/thabit/builds/build/Thabit-Oblique-Oblique.ttf
bakery_lint.tests.downstream.test_check_name_table_recommendation.CheckOTStyleNameRecommendation.test_check_opentype_stylename(): FAIL
bakery_lint.tests.downstream.test_check_name_table_recommendation.CheckOTFullNameRecommendation.test_check_opentype_fullname(): OK
bakery_lint.tests.downstream.test_check_os2_width_class.CheckOS2WidthClass.test_check_os2_width_class(): OK
bakery_lint.tests.downstream.test_gasp_table_value.CheckGaspTableType.test_check_gasp_table_type(): FAIL
$ fontbakery-fix-gasp.py --set=15 /home/travis/build/fontdirectory/thabit/builds/build/Thabit-Oblique-Oblique.ttf
$ mv /home/travis/build/fontdirectory/thabit/builds/build/Thabit-Oblique-Oblique.ttf.fix /home/travis/build/fontdirectory/thabit/builds/build/Thabit-Oblique-Oblique.ttf
bakery_lint.tests.downstream.test_gasp_table_value.CheckGaspTableType.test_check_gasp_table_type(): OK
$ fontbakery-fix-gasp.py --set=15 /home/travis/build/fontdirectory/thabit/builds/build/Thabit-Oblique-Oblique.ttf
$ mv /home/travis/build/fontdirectory/thabit/builds/build/Thabit-Oblique-Oblique.ttf.fix /home/travis/build/fontdirectory/thabit/builds/build/Thabit-Oblique-Oblique.ttf
bakery_lint.tests.downstream.test_check_upm_heights_less_120.TestCheckUPMHeightsLess120.test_check_upm_heigths_less_120(): FAIL
bakery_lint.tests.downstream.test_check_fontname_matches_macstyle.CheckFontNameEqualToMacStyleFlags.test_fontname_is_equal_to_macstyle(): FAIL
bakery_lint.tests.downstream.test_check_vertical_metrics.CheckVerticalLinegapMetrics.test_metrics_linegaps_are_zero(): OK
bakery_lint.tests.downstream.test_check_vertical_metrics.CheckVerticalAscentMetrics.test_metrics_ascents_equal_bbox(): OK
bakery_lint.tests.downstream.test_check_vertical_metrics.CheckVerticalDescentMetrics.test_metrics_descents_equal_bbox(): OK
bakery_lint.tests.downstream.test_check_font_agreements.CheckFsTypeIsNotSet.test_is_fstype_not_set(): OK
$ fontbakery-fix-fstype.py --autofix /home/travis/build/fontdirectory/thabit/builds/build/Thabit-Oblique-Oblique.ttf
$ mv /home/travis/build/fontdirectory/thabit/builds/build/Thabit-Oblique-Oblique.ttf.fix /home/travis/build/fontdirectory/thabit/builds/build/Thabit-Oblique-Oblique.ttf
bakery_lint.tests.downstream.test_check_font_agreements.CheckFontAgreements.test_em_is_1000(): FAIL
bakery_lint.tests.downstream.test_check_font_agreements.CheckFontAgreements.test_font_is_font(): OK
bakery_lint.tests.downstream.test_check_font_agreements.CheckFontAgreements.test_latin_file_exists(): FAIL
bakery_lint.tests.downstream.test_check_font_agreements.CheckFontAgreements.test_menu_file_exists(): FAIL
bakery_lint.tests.downstream.test_check_glyf_table_length.CheckGlyfTableLength.test_check_glyf_table_length(): FAIL
bakery_lint.tests.downstream.test_check_nbsp_width_matches_sp_width.CheckNbspWidthMatchesSpWidth.test_check_nbsp_width_matches_sp_width(): FAIL
$ fontbakery-fix-nbsp.py /home/travis/build/fontdirectory/thabit/builds/build/Thabit-Oblique-Oblique.ttf
$ mv /home/travis/build/fontdirectory/thabit/builds/build/Thabit-Oblique-Oblique.ttf.fix /home/travis/build/fontdirectory/thabit/builds/build/Thabit-Oblique-Oblique.ttf
bakery_lint.tests.downstream.test_check_nbsp_width_matches_sp_width.CheckNbspWidthMatchesSpWidth.test_check_nbsp_width_matches_sp_width(): FAIL
bakery_lint.tests.downstream.test_check_glyph_existence.CheckGlyphExistence.test_euro(): FAIL
bakery_lint.tests.downstream.test_check_glyph_existence.CheckGlyphExistence.test_nbsp(): OK
bakery_lint.tests.downstream.test_check_glyph_existence.CheckGlyphExistence.test_space(): OK
bakery_lint.tests.downstream.test_check_italic_angle_agreement.CheckItalicAngleAgreement.test_check_italic_angle_agreement(): OK
bakery_lint.tests.downstream.test_check_hmtx_hhea_max_advance_width_agreement.CheckHmtxHheaMaxAdvanceWidthAgreement.test_check_hmtx_hhea_max_advance_width_agreement(): OK
bakery_lint.tests.downstream.test_check_magic_prep_code.CheckMagicPREPByteCode.test_prep_magic_code(): FAIL
Warning: Mac string is a subset of the Windows string in the 'name' table
 for the Preferred Family string in the English (US) language.
Warning: Mac string is a subset of the Windows string in the 'name' table
 for the Compatible Full string in the English (US) language.
The glyph named Omega is mapped to U+03A9.
But its name indicates it should be mapped to U+2126.
The glyph named mu is mapped to U+03BC.
But its name indicates it should be mapped to U+00B5.
bakery_lint.tests.downstream.test_fontforge_validation_state.FontForgeValidateStateTest.test_allowed_numbers_paths_in_composite_glyphs(): OK
bakery_lint.tests.downstream.test_fontforge_validation_state.FontForgeValidateStateTest.test_allowed_numbers_paths_in_glyphs(): OK
bakery_lint.tests.downstream.test_fontforge_validation_state.FontForgeValidateStateTest.test_allowed_numbers_points_in_composite_glyphs(): OK
bakery_lint.tests.downstream.test_fontforge_validation_state.FontForgeValidateStateTest.test_allowed_numbers_points_in_glyphs(): OK
bakery_lint.tests.downstream.test_fontforge_validation_state.FontForgeValidateStateTest.test_duplicate_glyphs(): OK
bakery_lint.tests.downstream.test_fontforge_validation_state.FontForgeValidateStateTest.test_duplicate_unicode_codepoints(): OK
bakery_lint.tests.downstream.test_fontforge_validation_state.FontForgeValidateStateTest.test_flipped_reference_in_glyphs(): OK
bakery_lint.tests.downstream.test_fontforge_validation_state.FontForgeValidateStateTest.test_missing_anchors(): OK
bakery_lint.tests.downstream.test_fontforge_validation_state.FontForgeValidateStateTest.test_missing_extrema_in_glyphs(): FAIL
bakery_lint.tests.downstream.test_fontforge_validation_state.FontForgeValidateStateTest.test_overlapped_hints(): OK
bakery_lint.tests.downstream.test_fontforge_validation_state.FontForgeValidateStateTest.test_points_are_integer_aligned(): OK
bakery_lint.tests.downstream.test_fontforge_validation_state.FontForgeValidateStateTest.test_points_are_not_too_far_apart(): OK
bakery_lint.tests.downstream.test_fontforge_validation_state.FontForgeValidateStateTest.test_postscript_hasnt_limit_hints_in_glyphs(): OK
bakery_lint.tests.downstream.test_fontforge_validation_state.FontForgeValidateStateTest.test_postscript_hasnt_limit_points_in_glyphs(): OK
bakery_lint.tests.downstream.test_fontforge_validation_state.FontForgeValidateStateTest.test_referenced_glyphs_are_present(): OK
bakery_lint.tests.downstream.test_fontforge_validation_state.FontForgeValidateStateTest.test_valid_glyph_names(): OK
bakery_lint.tests.downstream.test_fontforge_validation_state.FontForgeValidateStateTest.test_valid_length_instructions(): OK
bakery_lint.tests.downstream.test_fontforge_validation_state.FontForgeValidateStateTest.test_validation_glyph_intersect(): FAIL
bakery_lint.tests.downstream.test_fontforge_validation_state.FontForgeValidateStateTest.test_validation_open_contours(): OK
bakery_lint.tests.downstream.test_fontforge_validation_state.FontForgeValidateStateTest.test_wrong_direction_in_glyphs(): FAIL
bakery_lint.tests.downstream.test_names_are_ascii_only.CheckNamesAreASCIIOnly.test_check_names_are_ascii_only(): OK
bakery_lint.tests.downstream.test_check_font_tables.CheckFontHasDsigTable.test_check_font_has_dsig_table(): FAIL
$ fontbakery-fix-dsig.py /home/travis/build/fontdirectory/thabit/builds/build/Thabit-Oblique-Oblique.ttf
$ mv /home/travis/build/fontdirectory/thabit/builds/build/Thabit-Oblique-Oblique.ttf.fix /home/travis/build/fontdirectory/thabit/builds/build/Thabit-Oblique-Oblique.ttf
bakery_lint.tests.downstream.test_check_font_tables.CheckFontHasDsigTable.test_check_font_has_dsig_table(): OK
bakery_lint.tests.downstream.test_check_font_tables.CheckFontHasNotKernTable.test_no_kern_table_exists(): OK
bakery_lint.tests.downstream.test_gpos_table_has_kerning_info.CheckGposTableHasKerningInfo.test_gpos_table_has_kerning_info(): FAIL
bakery_lint.tests.downstream.test_check_no_problematic_formats.CheckNoProblematicFormats.test_check_no_problematic_formats(): OK
bakery_lint.tests.downstream.test_check_unused_glyph_data.CheckUnusedGlyphData.test_check_unused_glyph_data(): ERROR
### Optimize TTF Thabit-Oblique-Oblique.ttf
$ ls -l 'Thabit-Oblique-Oblique.ttf'* # look at the size savings of that subset process
Thabit-Oblique-Oblique.ttf.opt: 121916 bytes
Thabit-Oblique-Oblique.ttf: 135436 bytes
$ mv /home/travis/build/fontdirectory/thabit/builds/build/Thabit-Oblique-Oblique.ttf.opt /home/travis/build/fontdirectory/thabit/builds/build/Thabit-Oblique-Oblique.ttf
### Autohint TTFs (ttfautohint) Thabit-Oblique-Oblique.ttf
$ ttfautohint -l 7 -r 28 -G 50 -x 13 -w "G" /home/travis/build/fontdirectory/thabit/builds/build/Thabit-Oblique-Oblique.ttf '/home/travis/build/fontdirectory/thabit/builds/build/Thabit-Oblique-Oblique.autohint.ttf'

$ ls -l /home/travis/build/fontdirectory/thabit/builds/build/Thabit-Oblique-Oblique.*ttf # look at the size savings of that subset process
/home/travis/build/fontdirectory/thabit/builds/build/Thabit-Oblique-Oblique.ttf: 121916 bytes
/home/travis/build/fontdirectory/thabit/builds/build/Thabit-Oblique-Oblique.autohint.ttf: 145324 bytes
$ mv /home/travis/build/fontdirectory/thabit/builds/build/Thabit-Oblique-Oblique.autohint.ttf /home/travis/build/fontdirectory/thabit/builds/build/Thabit-Oblique-Oblique.ttf
### Subset TTFs (pyftsubset) Thabit-Oblique-Oblique.ttf
$ pyftsubset Thabit-Oblique-Oblique.latin
$ pyftsubset Thabit-Oblique-Oblique.menu
No nbsp glyph
spaceWidth is    637
nbspWidth is     0
Thabit-Oblique-Oblique.ttf.fix made with spaceWidth and nbspWidth of 637
strippedname:/home/travis/build/fontdirectory/thabit/builds/build/Thabit-Oblique-Oblique.ttf
$ fontbakery-build-font2ttf.py sources/Thabit-Bold.sfd Thabit-Bold.ttf
Success: Generated OpenType-TTF (/home/travis/build/fontdirectory/thabit/builds/build/Thabit-Bold.ttf)
### Test Thabit-Bold.ttf
$ fontbakery-check.py result Thabit-Bold.ttf
bakery_lint.tests.downstream.test_check_license_included.CheckLicenseIncluded.test_license_included_in_font_names(): OK
bakery_lint.tests.downstream.test_check_names_same_across_platforms.CheckNamesSameAcrossPlatforms.test_check_names_same_across_platforms(): OK
bakery_lint.tests.downstream.test_check_unencoded_glyph.TestFontUnencodedGlyph.test_font_unencoded_glyphs(): FAIL
$ fontbakery-fix-glyph-private-encoding.py --autofix /home/travis/build/fontdirectory/thabit/builds/build/Thabit-Bold.ttf
$ mv /home/travis/build/fontdirectory/thabit/builds/build/Thabit-Bold.ttf.fix /home/travis/build/fontdirectory/thabit/builds/build/Thabit-Bold.ttf
bakery_lint.tests.downstream.test_check_unencoded_glyph.TestFontUnencodedGlyph.test_font_unencoded_glyphs(): FAIL
bakery_lint.tests.downstream.test_check_full_font_name_begins_with_family_name.CheckFullFontNameBeginsWithFamilyName.test_check_full_font_name_begins_with_family_name(): FAIL
bakery_lint.tests.downstream.test_check_panose_identification.CheckPanoseIdentification.test_check_panose_identification(): OK
bakery_lint.tests.downstream.test_check_name_table_recommendation.CheckStyleNameRecommendation.test_check_stylename_is_under_recommendations(): OK
bakery_lint.tests.downstream.test_check_name_table_recommendation.CheckOTFamilyNameRecommendation.test_check_opentype_familyname(): FAIL
$ fontbakery-fix-opentype-names.py /home/travis/build/fontdirectory/thabit/builds/build/Thabit-Bold.ttf
$ mv /home/travis/build/fontdirectory/thabit/builds/build/Thabit-Bold.ttf.fix /home/travis/build/fontdirectory/thabit/builds/build/Thabit-Bold.ttf
bakery_lint.tests.downstream.test_check_name_table_recommendation.CheckOTFamilyNameRecommendation.test_check_opentype_familyname(): OK
bakery_lint.tests.downstream.test_check_name_table_recommendation.CheckOTStyleNameRecommendation.test_check_opentype_stylename(): OK
bakery_lint.tests.downstream.test_check_name_table_recommendation.CheckOTFullNameRecommendation.test_check_opentype_fullname(): OK
bakery_lint.tests.downstream.test_check_os2_width_class.CheckOS2WidthClass.test_check_os2_width_class(): OK
bakery_lint.tests.downstream.test_gasp_table_value.CheckGaspTableType.test_check_gasp_table_type(): FAIL
$ fontbakery-fix-gasp.py --set=15 /home/travis/build/fontdirectory/thabit/builds/build/Thabit-Bold.ttf
$ mv /home/travis/build/fontdirectory/thabit/builds/build/Thabit-Bold.ttf.fix /home/travis/build/fontdirectory/thabit/builds/build/Thabit-Bold.ttf
bakery_lint.tests.downstream.test_gasp_table_value.CheckGaspTableType.test_check_gasp_table_type(): OK
$ fontbakery-fix-gasp.py --set=15 /home/travis/build/fontdirectory/thabit/builds/build/Thabit-Bold.ttf
$ mv /home/travis/build/fontdirectory/thabit/builds/build/Thabit-Bold.ttf.fix /home/travis/build/fontdirectory/thabit/builds/build/Thabit-Bold.ttf
bakery_lint.tests.downstream.test_check_upm_heights_less_120.TestCheckUPMHeightsLess120.test_check_upm_heigths_less_120(): FAIL
bakery_lint.tests.downstream.test_check_fontname_matches_macstyle.CheckFontNameEqualToMacStyleFlags.test_fontname_is_equal_to_macstyle(): FAIL
bakery_lint.tests.downstream.test_check_vertical_metrics.CheckVerticalLinegapMetrics.test_metrics_linegaps_are_zero(): FAIL
$ fontbakery-fix-vertical-metrics.py --autofix /home/travis/build/fontdirectory/thabit/builds/build/Thabit-Bold.ttf /home/travis/build/fontdirectory/thabit/builds/build/Thabit-Oblique-Oblique.ttf /home/travis/build/fontdirectory/thabit/builds/build/Thabit-Bold-Oblique-BoldOblique.ttf /home/travis/build/fontdirectory/thabit/builds/build/Thabit-Regular.ttf /home/travis/build/fontdirectory/thabit/builds/build/Thabit-Bold-Bold.ttf
$ mv /home/travis/build/fontdirectory/thabit/builds/build/Thabit-Bold.ttf.fix /home/travis/build/fontdirectory/thabit/builds/build/Thabit-Bold.ttf
$ mv /home/travis/build/fontdirectory/thabit/builds/build/Thabit-Oblique-Oblique.ttf.fix /home/travis/build/fontdirectory/thabit/builds/build/Thabit-Oblique-Oblique.ttf
$ mv /home/travis/build/fontdirectory/thabit/builds/build/Thabit-Bold-Oblique-BoldOblique.ttf.fix /home/travis/build/fontdirectory/thabit/builds/build/Thabit-Bold-Oblique-BoldOblique.ttf
$ mv /home/travis/build/fontdirectory/thabit/builds/build/Thabit-Regular.ttf.fix /home/travis/build/fontdirectory/thabit/builds/build/Thabit-Regular.ttf
$ mv /home/travis/build/fontdirectory/thabit/builds/build/Thabit-Bold-Bold.ttf.fix /home/travis/build/fontdirectory/thabit/builds/build/Thabit-Bold-Bold.ttf
$ fontbakery-fix-vertical-metrics.py /home/travis/build/fontdirectory/thabit/builds/build/Thabit-Bold.ttf /home/travis/build/fontdirectory/thabit/builds/build/Thabit-Oblique-Oblique.ttf /home/travis/build/fontdirectory/thabit/builds/build/Thabit-Bold-Oblique-BoldOblique.ttf /home/travis/build/fontdirectory/thabit/builds/build/Thabit-Regular.ttf /home/travis/build/fontdirectory/thabit/builds/build/Thabit-Bold-Bold.ttf
Parameter              Thabit-Bold.ttf    Thabit-Oblique-Oblique.ttf    Thabit-Bold-Oblique-BoldOblique.ttf    Thabit-Regular.ttf    Thabit-Bold-Bold.ttf    
ymax                   1010               983                           1010                                   983                   1010                    
hhea.ascent            1010               1010                          1010                                   1010                  1010                    
OS/2.sTypoAscender     1010               1010                          1010                                   1010                  1010                    
OS/2.usWinAscent       1010               1010                          1010                                   1010                  1010                    
ymin                   -556               -556                          -556                                   -556                  -556                    
hhea.descent           -556               -556                          -556                                   -556                  -556                    
OS/2.sTypoDescender    -556               -556                          -556                                   -556                  -556                    
OS/2.usWinDescent      556                556                           556                                    556                   556                     
hhea.lineGap           0                  0                             0                                      0                     0                       
OS/2.sTypoLineGap      0                  0                             0                                      0                     0                       
hhea total             1566               1566                          1566                                   1566                  1566                    
typo total             1566               1566                          1566                                   1566                  1566                    
win total              1566               1566                          1566                                   1566                  1566                    
UPM:Heights            1024:1566          1024:1539                     1024:1566                              1024:1539             1024:1566               
UPM:Heights %          152 %              150 %                         152 %                                  150 %                 152 %                   


bakery_lint.tests.downstream.test_check_vertical_metrics.CheckVerticalLinegapMetrics.test_metrics_linegaps_are_zero(): OK
bakery_lint.tests.downstream.test_check_vertical_metrics.CheckVerticalAscentMetrics.test_metrics_ascents_equal_bbox(): OK
bakery_lint.tests.downstream.test_check_vertical_metrics.CheckVerticalDescentMetrics.test_metrics_descents_equal_bbox(): OK
bakery_lint.tests.downstream.test_check_font_agreements.CheckFsTypeIsNotSet.test_is_fstype_not_set(): OK
$ fontbakery-fix-fstype.py --autofix /home/travis/build/fontdirectory/thabit/builds/build/Thabit-Bold.ttf
$ mv /home/travis/build/fontdirectory/thabit/builds/build/Thabit-Bold.ttf.fix /home/travis/build/fontdirectory/thabit/builds/build/Thabit-Bold.ttf
bakery_lint.tests.downstream.test_check_font_agreements.CheckFontAgreements.test_em_is_1000(): FAIL
bakery_lint.tests.downstream.test_check_font_agreements.CheckFontAgreements.test_font_is_font(): OK
bakery_lint.tests.downstream.test_check_font_agreements.CheckFontAgreements.test_latin_file_exists(): FAIL
bakery_lint.tests.downstream.test_check_font_agreements.CheckFontAgreements.test_menu_file_exists(): FAIL
bakery_lint.tests.downstream.test_check_glyf_table_length.CheckGlyfTableLength.test_check_glyf_table_length(): FAIL
bakery_lint.tests.downstream.test_check_nbsp_width_matches_sp_width.CheckNbspWidthMatchesSpWidth.test_check_nbsp_width_matches_sp_width(): OK
bakery_lint.tests.downstream.test_check_glyph_existence.CheckGlyphExistence.test_euro(): FAIL
bakery_lint.tests.downstream.test_check_glyph_existence.CheckGlyphExistence.test_nbsp(): OK
bakery_lint.tests.downstream.test_check_glyph_existence.CheckGlyphExistence.test_space(): OK
bakery_lint.tests.downstream.test_check_italic_angle_agreement.CheckItalicAngleAgreement.test_check_italic_angle_agreement(): OK
bakery_lint.tests.downstream.test_check_hmtx_hhea_max_advance_width_agreement.CheckHmtxHheaMaxAdvanceWidthAgreement.test_check_hmtx_hhea_max_advance_width_agreement(): OK
bakery_lint.tests.downstream.test_check_magic_prep_code.CheckMagicPREPByteCode.test_prep_magic_code(): FAIL
The following table(s) in the font have been ignored by FontForge
  Ignoring 'DSIG' digital signature table
bakery_lint.tests.downstream.test_fontforge_validation_state.FontForgeValidateStateTest.test_allowed_numbers_paths_in_composite_glyphs(): OK
bakery_lint.tests.downstream.test_fontforge_validation_state.FontForgeValidateStateTest.test_allowed_numbers_paths_in_glyphs(): OK
bakery_lint.tests.downstream.test_fontforge_validation_state.FontForgeValidateStateTest.test_allowed_numbers_points_in_composite_glyphs(): OK
bakery_lint.tests.downstream.test_fontforge_validation_state.FontForgeValidateStateTest.test_allowed_numbers_points_in_glyphs(): OK
bakery_lint.tests.downstream.test_fontforge_validation_state.FontForgeValidateStateTest.test_duplicate_glyphs(): OK
bakery_lint.tests.downstream.test_fontforge_validation_state.FontForgeValidateStateTest.test_duplicate_unicode_codepoints(): OK
bakery_lint.tests.downstream.test_fontforge_validation_state.FontForgeValidateStateTest.test_flipped_reference_in_glyphs(): OK
bakery_lint.tests.downstream.test_fontforge_validation_state.FontForgeValidateStateTest.test_missing_anchors(): OK
bakery_lint.tests.downstream.test_fontforge_validation_state.FontForgeValidateStateTest.test_missing_extrema_in_glyphs(): FAIL
bakery_lint.tests.downstream.test_fontforge_validation_state.FontForgeValidateStateTest.test_overlapped_hints(): OK
bakery_lint.tests.downstream.test_fontforge_validation_state.FontForgeValidateStateTest.test_points_are_integer_aligned(): OK
bakery_lint.tests.downstream.test_fontforge_validation_state.FontForgeValidateStateTest.test_points_are_not_too_far_apart(): OK
bakery_lint.tests.downstream.test_fontforge_validation_state.FontForgeValidateStateTest.test_postscript_hasnt_limit_hints_in_glyphs(): OK
bakery_lint.tests.downstream.test_fontforge_validation_state.FontForgeValidateStateTest.test_postscript_hasnt_limit_points_in_glyphs(): OK
bakery_lint.tests.downstream.test_fontforge_validation_state.FontForgeValidateStateTest.test_referenced_glyphs_are_present(): OK
bakery_lint.tests.downstream.test_fontforge_validation_state.FontForgeValidateStateTest.test_valid_glyph_names(): OK
bakery_lint.tests.downstream.test_fontforge_validation_state.FontForgeValidateStateTest.test_valid_length_instructions(): OK
bakery_lint.tests.downstream.test_fontforge_validation_state.FontForgeValidateStateTest.test_validation_glyph_intersect(): FAIL
bakery_lint.tests.downstream.test_fontforge_validation_state.FontForgeValidateStateTest.test_validation_open_contours(): OK
bakery_lint.tests.downstream.test_fontforge_validation_state.FontForgeValidateStateTest.test_wrong_direction_in_glyphs(): OK
bakery_lint.tests.downstream.test_names_are_ascii_only.CheckNamesAreASCIIOnly.test_check_names_are_ascii_only(): OK
bakery_lint.tests.downstream.test_check_font_tables.CheckFontHasDsigTable.test_check_font_has_dsig_table(): OK
bakery_lint.tests.downstream.test_check_font_tables.CheckFontHasNotKernTable.test_no_kern_table_exists(): OK
bakery_lint.tests.downstream.test_gpos_table_has_kerning_info.CheckGposTableHasKerningInfo.test_gpos_table_has_kerning_info(): FAIL
bakery_lint.tests.downstream.test_check_no_problematic_formats.CheckNoProblematicFormats.test_check_no_problematic_formats(): OK
bakery_lint.tests.downstream.test_check_unused_glyph_data.CheckUnusedGlyphData.test_check_unused_glyph_data(): ERROR
### Optimize TTF Thabit-Bold.ttf
$ ls -l 'Thabit-Bold.ttf'* # look at the size savings of that subset process
Thabit-Bold.ttf.opt: 55688 bytes
Thabit-Bold.ttf: 65560 bytes
$ mv /home/travis/build/fontdirectory/thabit/builds/build/Thabit-Bold.ttf.opt /home/travis/build/fontdirectory/thabit/builds/build/Thabit-Bold.ttf
### Autohint TTFs (ttfautohint) Thabit-Bold.ttf
$ ttfautohint -l 7 -r 28 -G 50 -x 13 -w "G" /home/travis/build/fontdirectory/thabit/builds/build/Thabit-Bold.ttf '/home/travis/build/fontdirectory/thabit/builds/build/Thabit-Bold.autohint.ttf'

Error: No glyph for a standard character to derive standard width and height.

Error: Please check the documentation for a list of script-specific standard characters,

Error: or use option `--symbol'.

Fatal: Exited with return code 1 

### Subset TTFs (pyftsubset) Thabit-Bold.ttf
$ pyftsubset Thabit-Bold.latin
$ pyftsubset Thabit-Bold.menu
strippedname:/home/travis/build/fontdirectory/thabit/builds/build/Thabit-Bold.ttf
$ fontbakery-build-font2ttf.py sources/Thabit.sfd Thabit.ttf
Internal Error: Invalid 2nd order spline in SplineRefigure2
Internal Error: Invalid 2nd order spline in SplineRefigure2
Internal Error: Invalid 2nd order spline in SplineRefigure2
Internal Error: Invalid 2nd order spline in SplineRefigure2
Internal Error: Invalid 2nd order spline in SplineRefigure2
Internal Error: Invalid 2nd order spline in SplineRefigure2
Internal Error: Invalid 2nd order spline in SplineRefigure2
Internal Error: Invalid 2nd order spline in SplineRefigure2
Internal Error: Invalid 2nd order spline in SplineRefigure2
Internal Error: Invalid 2nd order spline in SplineRefigure2
Internal Error: Invalid 2nd order spline in SplineRefigure2
Internal Error: Invalid 2nd order spline in SplineRefigure2
Internal Error: Invalid 2nd order spline in SplineRefigure2
Internal Error: Invalid 2nd order spline in SplineRefigure2
Internal Error: Invalid 2nd order spline in SplineRefigure2
Internal Error: Invalid 2nd order spline in SplineRefigure2
Internal Error: Invalid 2nd order spline in SplineRefigure2
Internal Error: Invalid 2nd order spline in SplineRefigure2
Internal Error: Invalid 2nd order spline in SplineRefigure2
Internal Error: Invalid 2nd order spline in SplineRefigure2
Internal Error: Invalid 2nd order spline in SplineRefigure2
Internal Error: Invalid 2nd order spline in SplineRefigure2
Internal Error: Invalid 2nd order spline in SplineRefigure2
Internal Error: Invalid 2nd order spline in SplineRefigure2
Internal Error: Invalid 2nd order spline in SplineRefigure2
Internal Error: Invalid 2nd order spline in SplineRefigure2
Internal Error: Invalid 2nd order spline in SplineRefigure2
Internal Error: Invalid 2nd order spline in SplineRefigure2
Internal Error: Invalid 2nd order spline in SplineRefigure2
Internal Error: Invalid 2nd order spline in SplineRefigure2
Internal Error: Invalid 2nd order spline in SplineRefigure2
Internal Error: Invalid 2nd order spline in SplineRefigure2
Internal Error: Invalid 2nd order spline in SplineRefigure2
Internal Error: Invalid 2nd order spline in SplineRefigure2
Internal Error: Invalid 2nd order spline in SplineRefigure2
Internal Error: Invalid 2nd order spline in SplineRefigure2
Internal Error: Invalid 2nd order spline in SplineRefigure2
Internal Error: Invalid 2nd order spline in SplineRefigure2
Internal Error: Invalid 2nd order spline in SplineRefigure2
Internal Error: Invalid 2nd order spline in SplineRefigure2
Internal Error: Invalid 2nd order spline in SplineRefigure2
Internal Error: Invalid 2nd order spline in SplineRefigure2
Internal Error: Invalid 2nd order spline in SplineRefigure2
Internal Error: Invalid 2nd order spline in SplineRefigure2
Internal Error: Invalid 2nd order spline in SplineRefigure2
Internal Error: Invalid 2nd order spline in SplineRefigure2
Internal Error: Invalid 2nd order spline in SplineRefigure2
Internal Error: Invalid 2nd order spline in SplineRefigure2
Internal Error: Invalid 2nd order spline in SplineRefigure2
Internal Error: Invalid 2nd order spline in SplineRefigure2
Internal Error: Invalid 2nd order spline in SplineRefigure2
Internal Error: Invalid 2nd order spline in SplineRefigure2
Internal Error: Invalid 2nd order spline in SplineRefigure2
Internal Error: Invalid 2nd order spline in SplineRefigure2
Internal Error: Invalid 2nd order spline in SplineRefigure2
Internal Error: Invalid 2nd order spline in SplineRefigure2
Internal Error: Invalid 2nd order spline in SplineRefigure2
Internal Error: Invalid 2nd order spline in SplineRefigure2
Internal Error: Invalid 2nd order spline in SplineRefigure2
Internal Error: Invalid 2nd order spline in SplineRefigure2
Internal Error: Invalid 2nd order spline in SplineRefigure2
Internal Error: Invalid 2nd order spline in SplineRefigure2
Internal Error: Invalid 2nd order spline in SplineRefigure2
Internal Error: Invalid 2nd order spline in SplineRefigure2
Internal Error: Invalid 2nd order spline in SplineRefigure2
Internal Error: Invalid 2nd order spline in SplineRefigure2
Internal Error: Invalid 2nd order spline in SplineRefigure2
Internal Error: Invalid 2nd order spline in SplineRefigure2
Internal Error: Invalid 2nd order spline in SplineRefigure2
Success: Generated OpenType-TTF (/home/travis/build/fontdirectory/thabit/builds/build/Thabit.ttf)
### Test Thabit.ttf
$ fontbakery-check.py result Thabit.ttf
bakery_lint.tests.downstream.test_check_license_included.CheckLicenseIncluded.test_license_included_in_font_names(): OK
bakery_lint.tests.downstream.test_check_names_same_across_platforms.CheckNamesSameAcrossPlatforms.test_check_names_same_across_platforms(): OK
bakery_lint.tests.downstream.test_check_unencoded_glyph.TestFontUnencodedGlyph.test_font_unencoded_glyphs(): FAIL
$ fontbakery-fix-glyph-private-encoding.py --autofix /home/travis/build/fontdirectory/thabit/builds/build/Thabit.ttf
$ mv /home/travis/build/fontdirectory/thabit/builds/build/Thabit.ttf.fix /home/travis/build/fontdirectory/thabit/builds/build/Thabit.ttf
bakery_lint.tests.downstream.test_check_unencoded_glyph.TestFontUnencodedGlyph.test_font_unencoded_glyphs(): FAIL
bakery_lint.tests.downstream.test_check_full_font_name_begins_with_family_name.CheckFullFontNameBeginsWithFamilyName.test_check_full_font_name_begins_with_family_name(): FAIL
bakery_lint.tests.downstream.test_check_panose_identification.CheckPanoseIdentification.test_check_panose_identification(): OK
bakery_lint.tests.downstream.test_check_name_table_recommendation.CheckStyleNameRecommendation.test_check_stylename_is_under_recommendations(): OK
bakery_lint.tests.downstream.test_check_name_table_recommendation.CheckOTFamilyNameRecommendation.test_check_opentype_familyname(): FAIL
$ fontbakery-fix-opentype-names.py /home/travis/build/fontdirectory/thabit/builds/build/Thabit.ttf
$ mv /home/travis/build/fontdirectory/thabit/builds/build/Thabit.ttf.fix /home/travis/build/fontdirectory/thabit/builds/build/Thabit.ttf
bakery_lint.tests.downstream.test_check_name_table_recommendation.CheckOTFamilyNameRecommendation.test_check_opentype_familyname(): OK
bakery_lint.tests.downstream.test_check_name_table_recommendation.CheckOTStyleNameRecommendation.test_check_opentype_stylename(): OK
bakery_lint.tests.downstream.test_check_name_table_recommendation.CheckOTFullNameRecommendation.test_check_opentype_fullname(): OK
bakery_lint.tests.downstream.test_check_os2_width_class.CheckOS2WidthClass.test_check_os2_width_class(): OK
bakery_lint.tests.downstream.test_gasp_table_value.CheckGaspTableType.test_check_gasp_table_type(): FAIL
$ fontbakery-fix-gasp.py --set=15 /home/travis/build/fontdirectory/thabit/builds/build/Thabit.ttf
$ mv /home/travis/build/fontdirectory/thabit/builds/build/Thabit.ttf.fix /home/travis/build/fontdirectory/thabit/builds/build/Thabit.ttf
bakery_lint.tests.downstream.test_gasp_table_value.CheckGaspTableType.test_check_gasp_table_type(): OK
$ fontbakery-fix-gasp.py --set=15 /home/travis/build/fontdirectory/thabit/builds/build/Thabit.ttf
$ mv /home/travis/build/fontdirectory/thabit/builds/build/Thabit.ttf.fix /home/travis/build/fontdirectory/thabit/builds/build/Thabit.ttf
bakery_lint.tests.downstream.test_check_upm_heights_less_120.TestCheckUPMHeightsLess120.test_check_upm_heigths_less_120(): OK
bakery_lint.tests.downstream.test_check_fontname_matches_macstyle.CheckFontNameEqualToMacStyleFlags.test_fontname_is_equal_to_macstyle(): FAIL
bakery_lint.tests.downstream.test_check_vertical_metrics.CheckVerticalLinegapMetrics.test_metrics_linegaps_are_zero(): ERROR
bakery_lint.tests.downstream.test_check_vertical_metrics.CheckVerticalAscentMetrics.test_metrics_ascents_equal_bbox(): ERROR
bakery_lint.tests.downstream.test_check_vertical_metrics.CheckVerticalDescentMetrics.test_metrics_descents_equal_bbox(): ERROR
bakery_lint.tests.downstream.test_check_font_agreements.CheckFsTypeIsNotSet.test_is_fstype_not_set(): OK
$ fontbakery-fix-fstype.py --autofix /home/travis/build/fontdirectory/thabit/builds/build/Thabit.ttf
$ mv /home/travis/build/fontdirectory/thabit/builds/build/Thabit.ttf.fix /home/travis/build/fontdirectory/thabit/builds/build/Thabit.ttf
bakery_lint.tests.downstream.test_check_font_agreements.CheckFontAgreements.test_em_is_1000(): FAIL
bakery_lint.tests.downstream.test_check_font_agreements.CheckFontAgreements.test_font_is_font(): OK
bakery_lint.tests.downstream.test_check_font_agreements.CheckFontAgreements.test_latin_file_exists(): FAIL
bakery_lint.tests.downstream.test_check_font_agreements.CheckFontAgreements.test_menu_file_exists(): FAIL
bakery_lint.tests.downstream.test_check_glyf_table_length.CheckGlyfTableLength.test_check_glyf_table_length(): FAIL
bakery_lint.tests.downstream.test_check_nbsp_width_matches_sp_width.CheckNbspWidthMatchesSpWidth.test_check_nbsp_width_matches_sp_width(): OK
bakery_lint.tests.downstream.test_check_glyph_existence.CheckGlyphExistence.test_euro(): FAIL
bakery_lint.tests.downstream.test_check_glyph_existence.CheckGlyphExistence.test_nbsp(): OK
bakery_lint.tests.downstream.test_check_glyph_existence.CheckGlyphExistence.test_space(): OK
bakery_lint.tests.downstream.test_check_italic_angle_agreement.CheckItalicAngleAgreement.test_check_italic_angle_agreement(): OK
bakery_lint.tests.downstream.test_check_hmtx_hhea_max_advance_width_agreement.CheckHmtxHheaMaxAdvanceWidthAgreement.test_check_hmtx_hhea_max_advance_width_agreement(): OK
bakery_lint.tests.downstream.test_check_magic_prep_code.CheckMagicPREPByteCode.test_prep_magic_code(): FAIL
The following table(s) in the font have been ignored by FontForge
  Ignoring 'DSIG' digital signature table
bakery_lint.tests.downstream.test_fontforge_validation_state.FontForgeValidateStateTest.test_allowed_numbers_paths_in_composite_glyphs(): OK
bakery_lint.tests.downstream.test_fontforge_validation_state.FontForgeValidateStateTest.test_allowed_numbers_paths_in_glyphs(): OK
bakery_lint.tests.downstream.test_fontforge_validation_state.FontForgeValidateStateTest.test_allowed_numbers_points_in_composite_glyphs(): OK
bakery_lint.tests.downstream.test_fontforge_validation_state.FontForgeValidateStateTest.test_allowed_numbers_points_in_glyphs(): OK
bakery_lint.tests.downstream.test_fontforge_validation_state.FontForgeValidateStateTest.test_duplicate_glyphs(): OK
bakery_lint.tests.downstream.test_fontforge_validation_state.FontForgeValidateStateTest.test_duplicate_unicode_codepoints(): OK
bakery_lint.tests.downstream.test_fontforge_validation_state.FontForgeValidateStateTest.test_flipped_reference_in_glyphs(): OK
bakery_lint.tests.downstream.test_fontforge_validation_state.FontForgeValidateStateTest.test_missing_anchors(): OK
bakery_lint.tests.downstream.test_fontforge_validation_state.FontForgeValidateStateTest.test_missing_extrema_in_glyphs(): FAIL
bakery_lint.tests.downstream.test_fontforge_validation_state.FontForgeValidateStateTest.test_overlapped_hints(): OK
bakery_lint.tests.downstream.test_fontforge_validation_state.FontForgeValidateStateTest.test_points_are_integer_aligned(): OK
bakery_lint.tests.downstream.test_fontforge_validation_state.FontForgeValidateStateTest.test_points_are_not_too_far_apart(): OK
bakery_lint.tests.downstream.test_fontforge_validation_state.FontForgeValidateStateTest.test_postscript_hasnt_limit_hints_in_glyphs(): OK
bakery_lint.tests.downstream.test_fontforge_validation_state.FontForgeValidateStateTest.test_postscript_hasnt_limit_points_in_glyphs(): OK
bakery_lint.tests.downstream.test_fontforge_validation_state.FontForgeValidateStateTest.test_referenced_glyphs_are_present(): OK
bakery_lint.tests.downstream.test_fontforge_validation_state.FontForgeValidateStateTest.test_valid_glyph_names(): OK
bakery_lint.tests.downstream.test_fontforge_validation_state.FontForgeValidateStateTest.test_valid_length_instructions(): OK
bakery_lint.tests.downstream.test_fontforge_validation_state.FontForgeValidateStateTest.test_validation_glyph_intersect(): FAIL
bakery_lint.tests.downstream.test_fontforge_validation_state.FontForgeValidateStateTest.test_validation_open_contours(): OK
bakery_lint.tests.downstream.test_fontforge_validation_state.FontForgeValidateStateTest.test_wrong_direction_in_glyphs(): OK
bakery_lint.tests.downstream.test_names_are_ascii_only.CheckNamesAreASCIIOnly.test_check_names_are_ascii_only(): OK
bakery_lint.tests.downstream.test_check_font_tables.CheckFontHasDsigTable.test_check_font_has_dsig_table(): OK
bakery_lint.tests.downstream.test_check_font_tables.CheckFontHasNotKernTable.test_no_kern_table_exists(): OK
bakery_lint.tests.downstream.test_gpos_table_has_kerning_info.CheckGposTableHasKerningInfo.test_gpos_table_has_kerning_info(): FAIL
bakery_lint.tests.downstream.test_check_no_problematic_formats.CheckNoProblematicFormats.test_check_no_problematic_formats(): OK
bakery_lint.tests.downstream.test_check_unused_glyph_data.CheckUnusedGlyphData.test_check_unused_glyph_data(): ERROR
### Optimize TTF Thabit.ttf
$ ls -l 'Thabit.ttf'* # look at the size savings of that subset process
Thabit.ttf.opt: 61288 bytes
Thabit.ttf: 71788 bytes
$ mv /home/travis/build/fontdirectory/thabit/builds/build/Thabit.ttf.opt /home/travis/build/fontdirectory/thabit/builds/build/Thabit.ttf
### Autohint TTFs (ttfautohint) Thabit.ttf
$ ttfautohint -l 7 -r 28 -G 50 -x 13 -w "G" /home/travis/build/fontdirectory/thabit/builds/build/Thabit.ttf '/home/travis/build/fontdirectory/thabit/builds/build/Thabit.autohint.ttf'

Error: No glyph for a standard character to derive standard width and height.

Error: Please check the documentation for a list of script-specific standard characters,

Error: or use option `--symbol'.

Fatal: Exited with return code 1 

### Subset TTFs (pyftsubset) Thabit.ttf
$ pyftsubset Thabit.latin
$ pyftsubset Thabit.menu
strippedname:/home/travis/build/fontdirectory/thabit/builds/build/Thabit.ttf
### (5 of 6) Generate METADATA.json (fontbakery-build-metadata.py)
$ fontbakery-build-metadata.py /home/travis/build/fontdirectory/thabit/builds/build
{} exists
Designer's name from font is: Regenerated by Nadim Shaikli
Error: unpack requires a string argument of length 12
ERROR: BUILD FAILED
